\BOOKMARK [0][-]{Doc-Start}{\376\377\000P\000o\000r\000t\000a\000d\000a}{}% 1
\BOOKMARK [0][-]{section*.1}{\376\377\000C\000o\000p\000y\000r\000i\000g\000h\000t}{}% 2
\BOOKMARK [0][-]{section*.2}{\376\377\000C\000i\000t\000a\000c\000i\000o\000n\000s}{}% 3
\BOOKMARK [0][-]{section*.3}{\376\377\000\315\000n\000d\000e\000x\000\040\000G\000e\000n\000e\000r\000a\000l}{}% 4
\BOOKMARK [0][-]{section*.4}{\376\377\000\315\000n\000d\000e\000x\000\040\000d\000e\000\040\000T\000a\000u\000l\000e\000s}{}% 5
\BOOKMARK [0][-]{section*.5}{\376\377\000\315\000n\000d\000e\000x\000\040\000d\000e\000\040\000F\000i\000g\000u\000r\000e\000s}{}% 6
\BOOKMARK [0][-]{section*.6}{\376\377\000\315\000n\000d\000e\000x\000\040\000d\000'\000E\000x\000e\000m\000p\000l\000e\000s}{}% 7
\BOOKMARK [0][-]{section*.7}{\376\377\000\315\000n\000d\000e\000x\000\040\000d\000e\000\040\000L\000l\000i\000s\000t\000a\000t\000s\000\040\000d\000e\000\040\000P\000r\000o\000g\000r\000a\000m\000e\000s}{}% 8
\BOOKMARK [0][-]{chapter*.8}{\376\377\000P\000r\000e\000f\000a\000c\000i}{}% 9
\BOOKMARK [0][-]{chapter*.9}{\376\377\000N\000o\000t\000a\000c\000i\000\363}{}% 10
\BOOKMARK [1][-]{section*.10}{\376\377\000V\000a\000r\000i\000a\000b\000l\000e\000s}{chapter*.9}% 11
\BOOKMARK [1][-]{section*.11}{\376\377\000F\000a\000s\000o\000r\000s}{chapter*.9}% 12
\BOOKMARK [1][-]{section*.12}{\376\377\000C\000o\000n\000j\000u\000n\000t\000s\000\040\000d\000e\000\040\000n\000o\000m\000b\000r\000e\000s\000\040\000i\000\040\000i\000n\000t\000e\000r\000v\000a\000l\000s}{chapter*.9}% 13
\BOOKMARK [1][-]{section*.13}{\376\377\000A\000l\000f\000a\000b\000e\000t\000\040\000g\000r\000e\000c}{chapter*.9}% 14
\BOOKMARK [-1][]{part.1}{\376\377\000I\000\040\000E\000l\000e\000c\000t\000r\000o\000t\000\350\000c\000n\000i\000a}{}% 15
\BOOKMARK [0][-]{chapter.1}{\376\377\0001\000\040\000F\000o\000n\000a\000m\000e\000n\000t\000s}{part.1}% 16
\BOOKMARK [1][-]{section.1.1}{\376\377\0001\000.\0001\000\040\000I\000n\000t\000r\000o\000d\000u\000c\000c\000i\000\363}{chapter.1}% 17
\BOOKMARK [1][-]{section.1.2}{\376\377\0001\000.\0002\000\040\000C\000o\000m\000p\000o\000n\000e\000n\000t\000s\000\040\000e\000l\000e\000m\000e\000n\000t\000a\000l\000s\000\040\000d\000'\000u\000n\000\040\000c\000i\000r\000c\000u\000i\000t\000\040\000e\000l\000\350\000c\000t\000r\000i\000c}{chapter.1}% 18
\BOOKMARK [2][-]{subsection.1.2.1}{\376\377\0001\000.\0002\000.\0001\000\040\000R\000e\000s\000i\000s\000t\000\350\000n\000c\000i\000a}{section.1.2}% 19
\BOOKMARK [2][-]{subsection.1.2.2}{\376\377\0001\000.\0002\000.\0002\000\040\000C\000a\000p\000a\000c\000i\000t\000a\000t}{section.1.2}% 20
\BOOKMARK [2][-]{subsection.1.2.3}{\376\377\0001\000.\0002\000.\0003\000\040\000I\000n\000d\000u\000c\000t\000\340\000n\000c\000i\000a}{section.1.2}% 21
\BOOKMARK [2][-]{subsection.1.2.4}{\376\377\0001\000.\0002\000.\0004\000\040\000A\000c\000o\000b\000l\000a\000m\000e\000n\000t\000\040\000m\000a\000g\000n\000\350\000t\000i\000c}{section.1.2}% 22
\BOOKMARK [2][-]{subsection.1.2.5}{\376\377\0001\000.\0002\000.\0005\000\040\000T\000r\000a\000n\000s\000f\000o\000r\000m\000a\000d\000o\000r\000\040\000i\000d\000e\000a\000l}{section.1.2}% 23
\BOOKMARK [2][-]{subsection.1.2.6}{\376\377\0001\000.\0002\000.\0006\000\040\000B\000a\000t\000e\000r\000i\000a}{section.1.2}% 24
\BOOKMARK [1][-]{section.1.3}{\376\377\0001\000.\0003\000\040\000T\000e\000o\000r\000e\000m\000e\000s\000\040\000d\000'\000e\000l\000e\000c\000t\000r\000o\000t\000\350\000c\000n\000i\000a}{chapter.1}% 25
\BOOKMARK [2][-]{subsection.1.3.1}{\376\377\0001\000.\0003\000.\0001\000\040\000T\000e\000o\000r\000e\000m\000a\000\040\000d\000e\000\040\000T\000h\000\351\000v\000e\000n\000i\000n\000-\000N\000o\000r\000t\000o\000n}{section.1.3}% 26
\BOOKMARK [2][-]{subsection.1.3.2}{\376\377\0001\000.\0003\000.\0002\000\040\000T\000e\000o\000r\000e\000m\000a\000\040\000d\000e\000\040\000M\000i\000l\000l\000m\000a\000n}{section.1.3}% 27
\BOOKMARK [2][-]{subsection.1.3.3}{\376\377\0001\000.\0003\000.\0003\000\040\000T\000e\000o\000r\000e\000m\000a\000\040\000d\000e\000\040\000l\000a\000\040\000s\000u\000p\000e\000r\000p\000o\000s\000i\000c\000i\000\363}{section.1.3}% 28
\BOOKMARK [1][-]{section.1.4}{\376\377\0001\000.\0004\000\040\000V\000a\000l\000o\000r\000s\000\040\000m\000i\000t\000j\000\340\000\040\000i\000\040\000e\000f\000i\000c\000a\000\347\000,\000\040\000i\000\040\000f\000a\000c\000t\000o\000r\000s\000\040\000d\000e\000\040\000c\000r\000e\000s\000t\000a\000,\000\040\000d\000e\000\040\000f\000o\000r\000m\000a\000\040\000i\000\040\000d\000'\000a\000r\000r\000i\000s\000s\000a\000d\000a}{chapter.1}% 29
\BOOKMARK [2][-]{subsection.1.4.1}{\376\377\0001\000.\0004\000.\0001\000\040\000V\000a\000l\000o\000r\000\040\000m\000i\000t\000j\000\340}{section.1.4}% 30
\BOOKMARK [2][-]{subsection.1.4.2}{\376\377\0001\000.\0004\000.\0002\000\040\000V\000a\000l\000o\000r\000\040\000e\000f\000i\000c\000a\000\347}{section.1.4}% 31
\BOOKMARK [2][-]{subsection.1.4.3}{\376\377\0001\000.\0004\000.\0003\000\040\000F\000a\000c\000t\000o\000r\000\040\000d\000e\000\040\000c\000r\000e\000s\000t\000a}{section.1.4}% 32
\BOOKMARK [2][-]{subsection.1.4.4}{\376\377\0001\000.\0004\000.\0004\000\040\000F\000a\000c\000t\000o\000r\000\040\000d\000e\000\040\000f\000o\000r\000m\000a}{section.1.4}% 33
\BOOKMARK [2][-]{subsection.1.4.5}{\376\377\0001\000.\0004\000.\0005\000\040\000F\000a\000c\000t\000o\000r\000\040\000d\000'\000a\000r\000r\000i\000s\000s\000a\000d\000a\000\040\000e\000f\000i\000c\000a\000\347}{section.1.4}% 34
\BOOKMARK [2][-]{subsection.1.4.6}{\376\377\0001\000.\0004\000.\0006\000\040\000F\000a\000c\000t\000o\000r\000\040\000d\000'\000a\000r\000r\000i\000s\000s\000a\000d\000a\000\040\000d\000e\000\040\000c\000r\000e\000s\000t\000a}{section.1.4}% 35
\BOOKMARK [2][-]{subsection.1.4.7}{\376\377\0001\000.\0004\000.\0007\000\040\000T\000a\000u\000l\000a\000\040\000d\000e\000\040\000v\000a\000l\000o\000r\000s\000\040\000m\000i\000t\000j\000a\000n\000s\000\040\000i\000\040\000e\000f\000i\000c\000a\000\347\000o\000s}{section.1.4}% 36
\BOOKMARK [1][-]{section.1.5}{\376\377\0001\000.\0005\000\040\000P\000o\000t\000\350\000n\000c\000i\000e\000s\000\040\000i\000n\000s\000t\000a\000n\000t\000\340\000n\000i\000a\000,\000\040\000a\000c\000t\000i\000v\000a\000,\000\040\000r\000e\000a\000c\000t\000i\000v\000a\000\040\000i\000\040\000a\000p\000a\000r\000e\000n\000t}{chapter.1}% 37
\BOOKMARK [1][-]{section.1.6}{\376\377\0001\000.\0006\000\040\000P\000o\000t\000\350\000n\000c\000i\000a\000\040\000c\000o\000m\000p\000l\000e\000x\000a}{chapter.1}% 38
\BOOKMARK [2][-]{subsection.1.6.1}{\376\377\0001\000.\0006\000.\0001\000\040\000P\000o\000t\000\350\000n\000c\000i\000a\000\040\000m\000o\000n\000o\000f\000\340\000s\000i\000c\000a}{section.1.6}% 39
\BOOKMARK [2][-]{subsection.1.6.2}{\376\377\0001\000.\0006\000.\0002\000\040\000P\000o\000t\000\350\000n\000c\000i\000a\000\040\000t\000r\000i\000f\000\340\000s\000i\000c\000a}{section.1.6}% 40
\BOOKMARK [2][-]{subsection.1.6.3}{\376\377\0001\000.\0006\000.\0003\000\040\000M\000e\000s\000u\000r\000a\000\040\000d\000e\000\040\000l\000a\000\040\000p\000o\000t\000\350\000n\000c\000i\000a}{section.1.6}% 41
\BOOKMARK [1][-]{section.1.7}{\376\377\0001\000.\0007\000\040\000C\000i\000r\000c\000u\000i\000t\000s\000\040\000R\000-\000L\000-\000C}{chapter.1}% 42
\BOOKMARK [2][-]{subsection.1.7.1}{\376\377\0001\000.\0007\000.\0001\000\040\000C\000i\000r\000c\000u\000i\000t\000\040\000R\000-\000C\000\040\040\024\000\040\000C\000\340\000r\000r\000e\000g\000a\000\040\000e\000n\000\040\000c\000o\000r\000r\000e\000n\000t\000\040\000c\000o\000n\000t\000i\000n\000u}{section.1.7}% 43
\BOOKMARK [2][-]{subsection.1.7.2}{\376\377\0001\000.\0007\000.\0002\000\040\000C\000i\000r\000c\000u\000i\000t\000\040\000R\000-\000C\000\040\040\024\000\040\000D\000e\000s\000c\000\340\000r\000r\000e\000g\000a\000\040\000e\000n\000\040\000c\000o\000r\000r\000e\000n\000t\000\040\000c\000o\000n\000t\000i\000n\000u}{section.1.7}% 44
\BOOKMARK [2][-]{subsection.1.7.3}{\376\377\0001\000.\0007\000.\0003\000\040\000C\000i\000r\000c\000u\000i\000t\000\040\000R\000-\000L\000\040\040\024\000\040\000C\000\340\000r\000r\000e\000g\000a\000\040\000e\000n\000\040\000c\000o\000r\000r\000e\000n\000t\000\040\000c\000o\000n\000t\000i\000n\000u}{section.1.7}% 45
\BOOKMARK [2][-]{subsection.1.7.4}{\376\377\0001\000.\0007\000.\0004\000\040\000C\000i\000r\000c\000u\000i\000t\000\040\000R\000-\000L\000\040\040\024\000\040\000D\000e\000s\000c\000\340\000r\000r\000e\000g\000a\000\040\000e\000n\000\040\000c\000o\000r\000r\000e\000n\000t\000\040\000c\000o\000n\000t\000i\000n\000u}{section.1.7}% 46
\BOOKMARK [2][-]{subsection.1.7.5}{\376\377\0001\000.\0007\000.\0005\000\040\000C\000i\000r\000c\000u\000i\000t\000\040\000R\000-\000L\000\040\040\024\000\040\000C\000u\000r\000t\000c\000i\000r\000c\000u\000i\000t\000\040\000e\000n\000\040\000c\000o\000r\000r\000e\000n\000t\000\040\000a\000l\000t\000e\000r\000n}{section.1.7}% 47
\BOOKMARK [1][-]{section.1.8}{\376\377\0001\000.\0008\000\040\000R\000e\000s\000o\000l\000u\000c\000i\000\363\000\040\000d\000e\000\040\000x\000a\000r\000x\000e\000s\000\040\000m\000i\000t\000j\000a\000n\000\347\000a\000n\000t\000\040\000e\000l\000\040\000m\000\350\000t\000o\000d\000e\000\040\000d\000e\000\040\000l\000e\000s\000\040\000m\000a\000l\000l\000e\000s}{chapter.1}% 48
\BOOKMARK [0][-]{chapter.2}{\376\377\0002\000\040\000C\000\340\000l\000c\000u\000l\000s\000\040\000B\000\340\000s\000i\000c\000s}{part.1}% 49
\BOOKMARK [1][-]{section.2.1}{\376\377\0002\000.\0001\000\040\000I\000n\000t\000r\000o\000d\000u\000c\000c\000i\000\363}{chapter.2}% 50
\BOOKMARK [1][-]{section.2.2}{\376\377\0002\000.\0002\000\040\000C\000\340\000l\000c\000u\000l\000s\000\040\000e\000n\000\040\000t\000a\000n\000t\000\040\000p\000e\000r\000\040\000u}{chapter.2}% 51
\BOOKMARK [2][-]{subsection.2.2.1}{\376\377\0002\000.\0002\000.\0001\000\040\000M\000\350\000t\000o\000d\000e\000\040\000d\000e\000\040\000c\000\340\000l\000c\000u\000l}{section.2.2}% 52
\BOOKMARK [2][-]{subsection.2.2.2}{\376\377\0002\000.\0002\000.\0002\000\040\000C\000a\000n\000v\000i\000\040\000d\000e\000\040\000b\000a\000s\000e}{section.2.2}% 53
\BOOKMARK [2][-]{subsection.2.2.3}{\376\377\0002\000.\0002\000.\0003\000\040\000V\000a\000l\000o\000r\000s\000\040\000b\000a\000s\000e\000\040\000p\000e\000r\000\040\000a\000\040\000b\000r\000a\000n\000q\000u\000e\000s\000\040\000q\000u\000e\000\040\000t\000r\000e\000b\000a\000l\000l\000e\000n\000\040\000a\000\040\000d\000i\000f\000e\000r\000e\000n\000t\000\040\000t\000e\000n\000s\000i\000\363\000,\000\040\000a\000m\000b\000\040\000a\000c\000o\000b\000l\000a\000m\000e\000n\000t\000\040\000m\000a\000g\000n\000\350\000t\000i\000c}{section.2.2}% 54
\BOOKMARK [2][-]{subsection.2.2.4}{\376\377\0002\000.\0002\000.\0004\000\040\000V\000a\000l\000o\000r\000s\000\040\000b\000a\000s\000e\000\040\000p\000e\000r\000\040\000a\000\040\000b\000r\000a\000n\000q\000u\000e\000s\000\040\000q\000u\000e\000\040\000t\000r\000e\000b\000a\000l\000l\000e\000n\000\040\000a\000\040\000d\000i\000f\000e\000r\000e\000n\000t\000\040\000t\000e\000n\000s\000i\000\363\000,\000\040\000a\000m\000b\000\040\000a\000c\000o\000b\000l\000a\000m\000e\000n\000t\000\040\000c\000a\000p\000a\000c\000i\000t\000i\000u}{section.2.2}% 55
\BOOKMARK [1][-]{section.2.3}{\376\377\0002\000.\0003\000\040\000C\000i\000r\000c\000u\000i\000t\000s\000\040\000d\000i\000v\000i\000s\000o\000r\000s\000\040\000d\000e\000\040\000t\000e\000n\000s\000i\000\363\000\040\000i\000\040\000d\000i\000v\000i\000s\000o\000r\000s\000\040\000d\000e\000\040\000c\000o\000r\000r\000e\000n\000t}{chapter.2}% 56
\BOOKMARK [2][-]{subsection.2.3.1}{\376\377\0002\000.\0003\000.\0001\000\040\000C\000i\000r\000c\000u\000i\000t\000s\000\040\000d\000i\000v\000i\000s\000o\000r\000s\000\040\000d\000e\000\040\000t\000e\000n\000s\000i\000\363}{section.2.3}% 57
\BOOKMARK [2][-]{subsection.2.3.2}{\376\377\0002\000.\0003\000.\0002\000\040\000C\000i\000r\000c\000u\000i\000t\000s\000\040\000d\000i\000v\000i\000s\000o\000r\000s\000\040\000d\000e\000\040\000c\000o\000r\000r\000e\000n\000t}{section.2.3}% 58
\BOOKMARK [1][-]{section.2.4}{\376\377\0002\000.\0004\000\040\000T\000r\000a\000n\000s\000f\000o\000r\000m\000a\000c\000i\000\363\000\040\000e\000s\000t\000r\000e\000l\000l\000a\000-\000t\000r\000i\000a\000n\000g\000l\000e\000\040\000d\000'\000i\000m\000p\000e\000d\000\340\000n\000c\000i\000e\000s}{chapter.2}% 59
\BOOKMARK [1][-]{section.2.5}{\376\377\0002\000.\0005\000\040\000R\000e\000s\000o\000l\000u\000c\000i\000\363\000\040\000d\000e\000\040\000c\000i\000r\000c\000u\000i\000t\000s\000\040\000o\000n\000\040\000e\000s\000\040\000c\000o\000n\000e\000i\000x\000\040\000l\000a\000\040\000p\000o\000t\000\350\000n\000c\000i\000a\000\040\000a\000b\000s\000o\000r\000b\000i\000d\000a\000\040\000p\000e\000r\000\040\000l\000a\000\040\000c\000\340\000r\000r\000e\000g\000a}{chapter.2}% 60
\BOOKMARK [2][-]{subsection.2.5.1}{\376\377\0002\000.\0005\000.\0001\000\040\000C\000i\000r\000c\000u\000i\000t\000s\000\040\000d\000e\000\040\000c\000o\000r\000r\000e\000n\000t\000\040\000c\000o\000n\000t\000i\000n\000u}{section.2.5}% 61
\BOOKMARK [2][-]{subsection.2.5.2}{\376\377\0002\000.\0005\000.\0002\000\040\000C\000i\000r\000c\000u\000i\000t\000s\000\040\000d\000e\000\040\000c\000o\000r\000r\000e\000n\000t\000\040\000a\000l\000t\000e\000r\000n}{section.2.5}% 62
\BOOKMARK [1][-]{section.2.6}{\376\377\0002\000.\0006\000\040\000C\000o\000r\000r\000e\000n\000t\000\040\000d\000e\000\040\000c\000u\000r\000t\000c\000i\000r\000c\000u\000i\000t\000\040\000e\000n\000\040\000e\000l\000\040\000s\000e\000c\000u\000n\000d\000a\000r\000i\000\040\000d\000'\000u\000n\000\040\000t\000r\000a\000n\000s\000f\000o\000r\000m\000a\000d\000o\000r}{chapter.2}% 63
\BOOKMARK [1][-]{section.2.7}{\376\377\0002\000.\0007\000\040\000E\000s\000c\000a\000l\000e\000s\000\040\000l\000o\000g\000a\000r\000\355\000t\000m\000i\000q\000u\000e\000s}{chapter.2}% 64
\BOOKMARK [2][-]{subsection.2.7.1}{\376\377\0002\000.\0007\000.\0001\000\040\000D\000e\000t\000e\000r\000m\000i\000n\000a\000c\000i\000\363\000\040\000d\000e\000\040\000p\000u\000n\000t\000s\000\040\000d\000'\000u\000n\000a\000\040\000c\000o\000r\000b\000a}{section.2.7}% 65
\BOOKMARK [2][-]{subsection.2.7.2}{\376\377\0002\000.\0007\000.\0002\000\040\000D\000e\000t\000e\000r\000m\000i\000n\000a\000c\000i\000\363\000\040\000d\000e\000l\000s\000\040\000p\000a\000r\000\340\000m\000e\000t\000r\000e\000s\000\040\000d\000'\000u\000n\000a\000\040\000f\000u\000n\000c\000i\000\363\000\040\000r\000e\000p\000r\000e\000s\000e\000n\000t\000a\000d\000a\000\040\000c\000o\000m\000\040\000u\000n\000a\000\040\000r\000e\000c\000t\000a}{section.2.7}% 66
\BOOKMARK [0][-]{chapter.3}{\376\377\0003\000\040\000C\000o\000m\000p\000o\000n\000e\000n\000t\000s\000\040\000S\000i\000m\000\350\000t\000r\000i\000q\000u\000e\000s}{part.1}% 67
\BOOKMARK [1][-]{section.3.1}{\376\377\0003\000.\0001\000\040\000I\000n\000t\000r\000o\000d\000u\000c\000c\000i\000\363}{chapter.3}% 68
\BOOKMARK [1][-]{section.3.2}{\376\377\0003\000.\0002\000\040\000L\000'\000o\000p\000e\000r\000a\000d\000o\000r\000\040\000c\000o\000m\000p\000l\000e\000x\000\040\000a}{chapter.3}% 69
\BOOKMARK [1][-]{section.3.3}{\376\377\0003\000.\0003\000\040\000T\000e\000o\000r\000e\000m\000a\000\040\000d\000e\000\040\000F\000o\000r\000t\000e\000s\000c\000u\000e\000-\000S\000t\000o\000k\000v\000i\000s}{chapter.3}% 70
\BOOKMARK [1][-]{section.3.4}{\376\377\0003\000.\0004\000\040\000C\000o\000r\000r\000e\000n\000t\000\040\000d\000e\000\040\000n\000e\000u\000t\000r\000e}{chapter.3}% 71
\BOOKMARK [1][-]{section.3.5}{\376\377\0003\000.\0005\000\040\000P\000r\000o\000p\000i\000e\000t\000a\000t\000s\000\040\000d\000e\000\040\000l\000e\000s\000\040\000t\000e\000n\000s\000i\000o\000n\000s\000\040\000f\000a\000s\000e\000-\000f\000a\000s\000e\000\040\000i\000\040\000f\000a\000s\000e\000-\000n\000e\000u\000t\000r\000e}{chapter.3}% 72
\BOOKMARK [1][-]{section.3.6}{\376\377\0003\000.\0006\000\040\000P\000o\000t\000\350\000n\000c\000i\000a}{chapter.3}% 73
\BOOKMARK [1][-]{section.3.7}{\376\377\0003\000.\0007\000\040\000P\000r\000o\000g\000r\000a\000m\000e\000s\000\040\000d\000e\000\040\000c\000\340\000l\000c\000u\000l\000\040\000d\000e\000\040\000c\000o\000m\000p\000o\000n\000e\000n\000t\000s\000\040\000s\000i\000m\000\350\000t\000r\000i\000q\000u\000e\000s}{chapter.3}% 74
\BOOKMARK [0][-]{chapter.4}{\376\377\0004\000\040\000S\000\350\000r\000i\000e\000s\000\040\000d\000e\000\040\000F\000o\000u\000r\000i\000e\000r}{part.1}% 75
\BOOKMARK [1][-]{section.4.1}{\376\377\0004\000.\0001\000\040\000D\000e\000f\000i\000n\000i\000c\000i\000o\000n\000s}{chapter.4}% 76
\BOOKMARK [1][-]{section.4.2}{\376\377\0004\000.\0002\000\040\000S\000i\000m\000p\000l\000i\000f\000i\000c\000a\000c\000i\000o\000n\000s}{chapter.4}% 77
\BOOKMARK [2][-]{subsection.4.2.1}{\376\377\0004\000.\0002\000.\0001\000\040\000F\000u\000n\000c\000i\000o\000n\000s\000\040\000p\000a\000r\000e\000l\000l\000s}{section.4.2}% 78
\BOOKMARK [2][-]{subsection.4.2.2}{\376\377\0004\000.\0002\000.\0002\000\040\000F\000u\000n\000c\000i\000o\000n\000s\000\040\000s\000e\000n\000a\000r\000s}{section.4.2}% 79
\BOOKMARK [2][-]{subsection.4.2.3}{\376\377\0004\000.\0002\000.\0003\000\040\000F\000u\000n\000c\000i\000o\000n\000s\000\040\000a\000m\000b\000\040\000s\000i\000m\000e\000t\000r\000i\000a\000\040\000d\000e\000\040\000s\000e\000m\000i\000o\000n\000a}{section.4.2}% 80
\BOOKMARK [1][-]{section.4.3}{\376\377\0004\000.\0003\000\040\000C\000o\000n\000d\000i\000c\000i\000o\000n\000s\000\040\000d\000e\000\040\000D\000i\000r\000i\000c\000h\000l\000e\000t}{chapter.4}% 81
\BOOKMARK [1][-]{section.4.4}{\376\377\0004\000.\0004\000\040\000V\000a\000l\000o\000r\000s\000\040\000m\000i\000t\000j\000\340\000\040\000i\000\040\000e\000f\000i\000c\000a\000\347\000,\000\040\000t\000a\000x\000e\000s\000,\000\040\000f\000a\000c\000t\000o\000r\000s\000\040\000i\000\040\000d\000i\000s\000t\000o\000r\000s\000i\000\363\000\040\000h\000a\000r\000m\000\362\000n\000i\000c\000a\000\040\000t\000o\000t\000a\000l}{chapter.4}% 82
\BOOKMARK [2][-]{subsection.4.4.1}{\376\377\0004\000.\0004\000.\0001\000\040\000V\000a\000l\000o\000r\000\040\000m\000i\000t\000j\000\340}{section.4.4}% 83
\BOOKMARK [2][-]{subsection.4.4.2}{\376\377\0004\000.\0004\000.\0002\000\040\000V\000a\000l\000o\000r\000\040\000e\000f\000i\000c\000a\000\347}{section.4.4}% 84
\BOOKMARK [2][-]{subsection.4.4.3}{\376\377\0004\000.\0004\000.\0003\000\040\000T\000a\000x\000a\000\040\000d\000e\000\040\000f\000o\000n\000a\000m\000e\000n\000t\000a\000l}{section.4.4}% 85
\BOOKMARK [2][-]{subsection.4.4.4}{\376\377\0004\000.\0004\000.\0004\000\040\000T\000a\000x\000a\000\040\000d\000e\000\040\000l\000'\000h\000a\000r\000m\000\362\000n\000i\000c\000a\000\040\000d\000'\000o\000r\000d\000r\000e\000\040\000n}{section.4.4}% 86
\BOOKMARK [2][-]{subsection.4.4.5}{\376\377\0004\000.\0004\000.\0005\000\040\000T\000a\000x\000a\000\040\000d\000'\000h\000a\000r\000m\000\362\000n\000i\000q\000u\000e\000s}{section.4.4}% 87
\BOOKMARK [2][-]{subsection.4.4.6}{\376\377\0004\000.\0004\000.\0006\000\040\000D\000i\000s\000t\000o\000r\000s\000i\000\363\000\040\000h\000a\000r\000m\000\362\000n\000i\000c\000a\000\040\000t\000o\000t\000a\000l}{section.4.4}% 88
\BOOKMARK [2][-]{subsection.4.4.7}{\376\377\0004\000.\0004\000.\0007\000\040\000F\000a\000c\000t\000o\000r\000\040\000d\000'\000a\000r\000r\000i\000s\000s\000a\000d\000a\000\040\000e\000f\000i\000c\000a\000\347}{section.4.4}% 89
\BOOKMARK [2][-]{subsection.4.4.8}{\376\377\0004\000.\0004\000.\0008\000\040\000F\000a\000c\000t\000o\000r\000\040\000d\000'\000a\000r\000r\000i\000s\000s\000a\000d\000a}{section.4.4}% 90
\BOOKMARK [1][-]{section.4.5}{\376\377\0004\000.\0005\000\040\000T\000a\000u\000l\000a\000\040\000d\000e\000\040\000s\000\350\000r\000i\000e\000s\000\040\000d\000e\000\040\000F\000o\000u\000r\000i\000e\000r}{chapter.4}% 91
\BOOKMARK [1][-]{section.4.6}{\376\377\0004\000.\0006\000\040\000P\000r\000o\000p\000i\000e\000t\000a\000t\000s\000\040\000d\000e\000\040\000l\000e\000s\000\040\000s\000\350\000r\000i\000e\000s\000\040\000d\000e\000\040\000F\000o\000u\000r\000i\000e\000r}{chapter.4}% 92
\BOOKMARK [1][-]{section.4.7}{\376\377\0004\000.\0007\000\040\000P\000o\000t\000\350\000n\000c\000i\000a}{chapter.4}% 93
\BOOKMARK [1][-]{section.4.8}{\376\377\0004\000.\0008\000\040\000A\000n\000\340\000l\000i\000s\000i\000\040\000d\000e\000\040\000c\000i\000r\000c\000u\000i\000t\000s\000\040\000e\000l\000\350\000c\000t\000r\000i\000c\000s}{chapter.4}% 94
\BOOKMARK [0][-]{chapter.5}{\376\377\0005\000\040\000T\000r\000a\000n\000s\000f\000o\000r\000m\000a\000d\000a\000\040\000d\000e\000\040\000L\000a\000p\000l\000a\000c\000e}{part.1}% 95
\BOOKMARK [1][-]{section.5.1}{\376\377\0005\000.\0001\000\040\000I\000n\000t\000r\000o\000d\000u\000c\000c\000i\000\363}{chapter.5}% 96
\BOOKMARK [1][-]{section.5.2}{\376\377\0005\000.\0002\000\040\000D\000e\000f\000i\000n\000i\000c\000i\000o\000n\000s}{chapter.5}% 97
\BOOKMARK [2][-]{subsection.5.2.1}{\376\377\0005\000.\0002\000.\0001\000\040\000T\000r\000a\000n\000s\000f\000o\000r\000m\000a\000d\000a\000\040\000d\000e\000\040\000L\000a\000p\000l\000a\000c\000e}{section.5.2}% 98
\BOOKMARK [2][-]{subsection.5.2.2}{\376\377\0005\000.\0002\000.\0002\000\040\000T\000r\000a\000n\000s\000f\000o\000r\000m\000a\000d\000a\000\040\000i\000n\000v\000e\000r\000s\000a\000\040\000d\000e\000\040\000L\000a\000p\000l\000a\000c\000e}{section.5.2}% 99
\BOOKMARK [2][-]{subsection.5.2.3}{\376\377\0005\000.\0002\000.\0003\000\040\000F\000u\000n\000c\000i\000\363\000\040\000g\000r\000a\000\363\000\040\000u\000n\000i\000t\000a\000r\000i\000\040\000i\000\040\000f\000u\000n\000c\000i\000\363\000\040\000i\000m\000p\000u\000l\000s}{section.5.2}% 100
\BOOKMARK [1][-]{section.5.3}{\376\377\0005\000.\0003\000\040\000P\000r\000o\000p\000i\000e\000t\000a\000t\000s}{chapter.5}% 101
\BOOKMARK [2][-]{subsection.5.3.1}{\376\377\0005\000.\0003\000.\0001\000\040\000L\000i\000n\000e\000a\000l\000i\000t\000a\000t}{section.5.3}% 102
\BOOKMARK [2][-]{subsection.5.3.2}{\376\377\0005\000.\0003\000.\0002\000\040\000C\000a\000n\000v\000i\000\040\000d\000'\000e\000s\000c\000a\000l\000a}{section.5.3}% 103
\BOOKMARK [2][-]{subsection.5.3.3}{\376\377\0005\000.\0003\000.\0003\000\040\000T\000r\000a\000n\000s\000l\000a\000c\000i\000\363}{section.5.3}% 104
\BOOKMARK [2][-]{subsection.5.3.4}{\376\377\0005\000.\0003\000.\0004\000\040\000E\000s\000m\000o\000r\000t\000e\000\357\000m\000e\000n\000t}{section.5.3}% 105
\BOOKMARK [2][-]{subsection.5.3.5}{\376\377\0005\000.\0003\000.\0005\000\040\000D\000i\000f\000e\000r\000e\000n\000c\000i\000a\000c\000i\000\363}{section.5.3}% 106
\BOOKMARK [2][-]{subsection.5.3.6}{\376\377\0005\000.\0003\000.\0006\000\040\000I\000n\000t\000e\000g\000r\000a\000c\000i\000\363}{section.5.3}% 107
\BOOKMARK [2][-]{subsection.5.3.7}{\376\377\0005\000.\0003\000.\0007\000\040\000P\000r\000o\000d\000u\000c\000t\000e\000\040\000d\000e\000\040\000c\000o\000n\000v\000o\000l\000u\000c\000i\000\363}{section.5.3}% 108
\BOOKMARK [2][-]{subsection.5.3.8}{\376\377\0005\000.\0003\000.\0008\000\040\000F\000u\000n\000c\000i\000\363\000\040\000p\000e\000r\000i\000\362\000d\000i\000c\000a}{section.5.3}% 109
\BOOKMARK [1][-]{section.5.4}{\376\377\0005\000.\0004\000\040\000T\000a\000u\000l\000e\000s\000\040\000d\000e\000\040\000t\000r\000a\000n\000s\000f\000o\000r\000m\000a\000d\000e\000s\000\040\000d\000e\000\040\000L\000a\000p\000l\000a\000c\000e}{chapter.5}% 110
\BOOKMARK [1][-]{section.5.5}{\376\377\0005\000.\0005\000\040\000A\000n\000\340\000l\000i\000s\000i\000\040\000d\000e\000\040\000c\000i\000r\000c\000u\000i\000t\000s\000\040\000e\000l\000\350\000c\000t\000r\000i\000c\000s}{chapter.5}% 111
\BOOKMARK [1][-]{section.5.6}{\376\377\0005\000.\0006\000\040\000F\000r\000a\000c\000c\000i\000o\000n\000s\000\040\000p\000a\000r\000c\000i\000a\000l\000s}{chapter.5}% 112
\BOOKMARK [-1][]{part.2}{\376\377\000I\000I\000\040\000E\000q\000u\000i\000p\000s\000\040\000i\000\040\000C\000o\000m\000p\000o\000n\000e\000n\000t\000s\000\040\000E\000l\000\350\000c\000t\000r\000i\000c\000s}{}% 113
\BOOKMARK [0][-]{chapter.6}{\376\377\0006\000\040\000R\000e\000s\000i\000s\000t\000\350\000n\000c\000i\000e\000s}{part.2}% 114
\BOOKMARK [1][-]{section.6.1}{\376\377\0006\000.\0001\000\040\000C\000o\000d\000i\000f\000i\000c\000a\000c\000i\000\363\000\040\000e\000n\000\040\000c\000o\000l\000o\000r\000s}{chapter.6}% 115
\BOOKMARK [1][-]{section.6.2}{\376\377\0006\000.\0002\000\040\000V\000a\000l\000o\000r\000s\000\040\000e\000s\000t\000\340\000n\000d\000a\000r\000d}{chapter.6}% 116
\BOOKMARK [1][-]{section.6.3}{\376\377\0006\000.\0003\000\040\000P\000o\000t\000\350\000n\000c\000i\000a}{chapter.6}% 117
\BOOKMARK [0][-]{chapter.7}{\376\377\0007\000\040\000C\000a\000b\000l\000e\000s}{part.2}% 118
\BOOKMARK [1][-]{section.7.1}{\376\377\0007\000.\0001\000\040\000I\000n\000t\000r\000o\000d\000u\000c\000c\000i\000\363}{chapter.7}% 119
\BOOKMARK [1][-]{section.7.2}{\376\377\0007\000.\0002\000\040\000R\000e\000s\000i\000s\000t\000\350\000n\000c\000i\000a}{chapter.7}% 120
\BOOKMARK [2][-]{subsection.7.2.1}{\376\377\0007\000.\0002\000.\0001\000\040\000R\000e\000s\000i\000s\000t\000\350\000n\000c\000i\000a\000\040\000d\000'\000u\000n\000\040\000c\000o\000n\000d\000u\000c\000t\000o\000r}{section.7.2}% 121
\BOOKMARK [2][-]{subsection.7.2.2}{\376\377\0007\000.\0002\000.\0002\000\040\000R\000e\000s\000i\000s\000t\000\350\000n\000c\000i\000a\000\040\000d\000'\000u\000n\000\040\000c\000a\000b\000l\000e}{section.7.2}% 122
\BOOKMARK [1][-]{section.7.3}{\376\377\0007\000.\0003\000\040\000C\000a\000i\000g\000u\000d\000a\000\040\000d\000e\000\040\000t\000e\000n\000s\000i\000\363}{chapter.7}% 123
\BOOKMARK [2][-]{subsection.7.3.1}{\376\377\0007\000.\0003\000.\0001\000\040\000C\000a\000i\000g\000u\000d\000a\000\040\000d\000e\000\040\000t\000e\000n\000s\000i\000\363\000\040\000e\000n\000\040\000c\000o\000r\000r\000e\000n\000t\000\040\000c\000o\000n\000t\000i\000n\000u}{section.7.3}% 124
\BOOKMARK [2][-]{subsection.7.3.2}{\376\377\0007\000.\0003\000.\0002\000\040\000C\000a\000i\000g\000u\000d\000a\000\040\000d\000e\000\040\000t\000e\000n\000s\000i\000\363\000\040\000e\000n\000\040\000c\000o\000r\000r\000e\000n\000t\000\040\000a\000l\000t\000e\000r\000n}{section.7.3}% 125
\BOOKMARK [1][-]{section.7.4}{\376\377\0007\000.\0004\000\040\000C\000a\000p\000a\000c\000i\000t\000a\000t\000\040\000t\000\350\000r\000m\000i\000c\000a\000\040\000e\000n\000\040\000c\000u\000r\000t\000c\000i\000r\000c\000u\000i\000t}{chapter.7}% 126
\BOOKMARK [1][-]{section.7.5}{\376\377\0007\000.\0005\000\040\000C\000o\000n\000v\000e\000r\000s\000i\000\363\000\040\000e\000n\000t\000r\000e\000\040\000u\000n\000i\000t\000a\000t\000s\000\040\000a\000m\000e\000r\000i\000c\000a\000n\000e\000s\000\040\000i\000\040\000u\000n\000i\000t\000a\000t\000s\000\040\000S\000I}{chapter.7}% 127
\BOOKMARK [2][-]{subsection.7.5.1}{\376\377\0007\000.\0005\000.\0001\000\040\000M\000i\000l\000s\000\040\000\050\000m\000i\000l\000\051\000,\000\040\000c\000i\000r\000c\000u\000l\000a\000r\000\040\000m\000i\000l\000s\000\040\000\050\000c\000m\000i\000l\000\040\000o\000\040\000C\000M\000\051\000\040\000i\000\040\000t\000h\000o\000u\000s\000a\000n\000d\000\040\000c\000i\000r\000c\000u\000l\000a\000r\000\040\000m\000i\000l\000s\000\040\000\050\000k\000c\000m\000i\000l\000\040\000o\000\040\000M\000C\000M\000\051}{section.7.5}% 128
\BOOKMARK [2][-]{subsection.7.5.2}{\376\377\0007\000.\0005\000.\0002\000\040\000A\000m\000e\000r\000i\000c\000a\000n\000\040\000W\000i\000r\000e\000\040\000G\000a\000u\000g\000e\000\040\000\050\000A\000W\000G\000\051}{section.7.5}% 129
\BOOKMARK [2][-]{subsection.7.5.3}{\376\377\0007\000.\0005\000.\0003\000\040\000N\000o\000m\000e\000n\000c\000l\000a\000t\000u\000r\000a}{section.7.5}% 130
\BOOKMARK [0][-]{chapter.8}{\376\377\0008\000\040\000T\000r\000a\000n\000s\000f\000o\000r\000m\000a\000d\000o\000r\000s\000\040\000d\000e\000\040\000M\000e\000s\000u\000r\000a\000\040\000i\000\040\000P\000r\000o\000t\000e\000c\000c\000i\000\363}{part.2}% 131
\BOOKMARK [1][-]{section.8.1}{\376\377\0008\000.\0001\000\040\000I\000n\000t\000r\000o\000d\000u\000c\000c\000i\000\363}{chapter.8}% 132
\BOOKMARK [1][-]{section.8.2}{\376\377\0008\000.\0002\000\040\000E\000r\000r\000o\000r\000s\000\040\000d\000e\000\040\000m\000e\000s\000u\000r\000a\000\040\000d\000e\000l\000s\000\040\000t\000r\000a\000n\000s\000f\000o\000r\000m\000a\000d\000o\000r\000s\000\040\000r\000e\000a\000l\000s}{chapter.8}% 133
\BOOKMARK [2][-]{subsection.8.2.1}{\376\377\0008\000.\0002\000.\0001\000\040\000E\000r\000r\000o\000r\000\040\000d\000e\000\040\000r\000e\000l\000a\000c\000i\000\363}{section.8.2}% 134
\BOOKMARK [2][-]{subsection.8.2.2}{\376\377\0008\000.\0002\000.\0002\000\040\000E\000r\000r\000o\000r\000\040\000d\000e\000\040\000f\000a\000s\000e}{section.8.2}% 135
\BOOKMARK [2][-]{subsection.8.2.3}{\376\377\0008\000.\0002\000.\0003\000\040\000C\000l\000a\000s\000s\000e\000,\000\040\000c\000\340\000r\000r\000e\000g\000a\000\040\000i\000\040\000p\000o\000t\000\350\000n\000c\000i\000a\000\040\000d\000e\000\040\000p\000r\000e\000c\000i\000s\000i\000\363}{section.8.2}% 136
\BOOKMARK [1][-]{section.8.3}{\376\377\0008\000.\0003\000\040\000C\000a\000r\000a\000c\000t\000e\000r\000\355\000s\000t\000i\000q\000u\000e\000s\000\040\000d\000e\000l\000s\000\040\000t\000r\000a\000n\000s\000f\000o\000r\000m\000a\000d\000o\000r\000s\000\040\000d\000e\000\040\000t\000e\000n\000s\000i\000\363\000\040\000s\000e\000g\000o\000n\000s\000\040\000l\000a\000\040\000n\000o\000r\000m\000a\000\040\000C\000E\000I\000\040\0006\0000\0000\0004\0004}{chapter.8}% 137
\BOOKMARK [2][-]{subsection.8.3.1}{\376\377\0008\000.\0003\000.\0001\000\040\000C\000a\000r\000a\000c\000t\000e\000r\000\355\000s\000t\000i\000q\000u\000e\000s\000\040\000c\000o\000m\000u\000n\000e\000s\000\040\000d\000e\000l\000s\000\040\000T\000t\000\040\000d\000e\000\040\000m\000e\000s\000u\000r\000a\000\040\000i\000\040\000d\000e\000\040\000p\000r\000o\000t\000e\000c\000c\000i\000\363}{section.8.3}% 138
\BOOKMARK [2][-]{subsection.8.3.2}{\376\377\0008\000.\0003\000.\0002\000\040\000C\000a\000r\000a\000c\000t\000e\000r\000\355\000s\000t\000i\000q\000u\000e\000s\000\040\000p\000a\000r\000t\000i\000c\000u\000l\000a\000r\000s\000\040\000d\000e\000l\000s\000\040\000T\000t\000\040\000d\000e\000\040\000m\000e\000s\000u\000r\000a}{section.8.3}% 139
\BOOKMARK [2][-]{subsection.8.3.3}{\376\377\0008\000.\0003\000.\0003\000\040\000C\000a\000r\000a\000c\000t\000e\000r\000\355\000s\000t\000i\000q\000u\000e\000s\000\040\000p\000a\000r\000t\000i\000c\000u\000l\000a\000r\000s\000\040\000d\000e\000l\000s\000\040\000T\000t\000\040\000d\000e\000\040\000p\000r\000o\000t\000e\000c\000c\000i\000\363}{section.8.3}% 140
\BOOKMARK [1][-]{section.8.4}{\376\377\0008\000.\0004\000\040\000C\000a\000r\000a\000c\000t\000e\000r\000\355\000s\000t\000i\000q\000u\000e\000s\000\040\000d\000e\000l\000s\000\040\000t\000r\000a\000n\000s\000f\000o\000r\000m\000a\000d\000o\000r\000s\000\040\000d\000e\000\040\000c\000o\000r\000r\000e\000n\000t\000\040\000s\000e\000g\000o\000n\000s\000\040\000l\000a\000\040\000n\000o\000r\000m\000a\000\040\000C\000E\000I\000\040\0006\0000\0000\0004\0004}{chapter.8}% 141
\BOOKMARK [2][-]{subsection.8.4.1}{\376\377\0008\000.\0004\000.\0001\000\040\000C\000a\000r\000a\000c\000t\000e\000r\000\355\000s\000t\000i\000q\000u\000e\000s\000\040\000c\000o\000m\000u\000n\000e\000s\000\040\000d\000e\000l\000s\000\040\000T\000i\000\040\000d\000e\000\040\000m\000e\000s\000u\000r\000a\000\040\000i\000\040\000d\000e\000\040\000p\000r\000o\000t\000e\000c\000c\000i\000\363}{section.8.4}% 142
\BOOKMARK [2][-]{subsection.8.4.2}{\376\377\0008\000.\0004\000.\0002\000\040\000C\000a\000r\000a\000c\000t\000e\000r\000\355\000s\000t\000i\000q\000u\000e\000s\000\040\000p\000a\000r\000t\000i\000c\000u\000l\000a\000r\000s\000\040\000d\000e\000l\000s\000\040\000T\000i\000\040\000d\000e\000\040\000m\000e\000s\000u\000r\000a}{section.8.4}% 143
\BOOKMARK [2][-]{subsection.8.4.3}{\376\377\0008\000.\0004\000.\0003\000\040\000C\000a\000r\000a\000c\000t\000e\000r\000\355\000s\000t\000i\000q\000u\000e\000s\000\040\000p\000a\000r\000t\000i\000c\000u\000l\000a\000r\000s\000\040\000d\000e\000l\000s\000\040\000T\000i\000\040\000d\000e\000\040\000p\000r\000o\000t\000e\000c\000c\000i\000\363}{section.8.4}% 144
\BOOKMARK [1][-]{section.8.5}{\376\377\0008\000.\0005\000\040\000R\000e\000s\000u\000m\000\040\000d\000e\000\040\000c\000a\000r\000a\000c\000t\000e\000r\000\355\000s\000t\000i\000q\000u\000e\000s\000\040\000s\000e\000g\000o\000n\000s\000\040\000l\000e\000s\000\040\000n\000o\000r\000m\000e\000s\000\040\000C\000E\000I\000\040\0006\0000\0000\0004\0004}{chapter.8}% 145
\BOOKMARK [1][-]{section.8.6}{\376\377\0008\000.\0006\000\040\000C\000a\000r\000a\000c\000t\000e\000r\000\355\000s\000t\000i\000q\000u\000e\000s\000\040\000d\000e\000l\000s\000\040\000t\000r\000a\000n\000s\000f\000o\000r\000m\000a\000d\000o\000r\000s\000\040\000d\000e\000\040\000t\000e\000n\000s\000i\000\363\000\040\000s\000e\000g\000o\000n\000s\000\040\000l\000a\000\040\000n\000o\000r\000m\000a\000\040\000I\000E\000E\000E\000\040\000C\0005\0007\000.\0001\0003}{chapter.8}% 146
\BOOKMARK [1][-]{section.8.7}{\376\377\0008\000.\0007\000\040\000C\000a\000r\000a\000c\000t\000e\000r\000\355\000s\000t\000i\000q\000u\000e\000s\000\040\000d\000e\000l\000s\000\040\000t\000r\000a\000n\000s\000f\000o\000r\000m\000a\000d\000o\000r\000s\000\040\000d\000e\000\040\000c\000o\000r\000r\000e\000n\000t\000\040\000s\000e\000g\000o\000n\000s\000\040\000l\000a\000\040\000n\000o\000r\000m\000a\000\040\000I\000E\000E\000E\000\040\000C\0005\0007\000.\0001\0003}{chapter.8}% 147
\BOOKMARK [2][-]{subsection.8.7.1}{\376\377\0008\000.\0007\000.\0001\000\040\000T\000i\000\040\000d\000e\000\040\000m\000e\000s\000u\000r\000a}{section.8.7}% 148
\BOOKMARK [2][-]{subsection.8.7.2}{\376\377\0008\000.\0007\000.\0002\000\040\000T\000i\000\040\000d\000e\000\040\000p\000r\000o\000t\000e\000c\000c\000i\000\363}{section.8.7}% 149
\BOOKMARK [1][-]{section.8.8}{\376\377\0008\000.\0008\000\040\000C\000o\000n\000n\000e\000x\000i\000\363\000\040\000d\000e\000\040\000T\000i\000\040\000i\000\040\000T\000t\000\040\000a\000\040\000a\000p\000a\000r\000e\000l\000l\000s\000\040\000d\000e\000\040\000m\000e\000s\000u\000r\000a\000\040\000o\000\040\000d\000e\000\040\000p\000r\000o\000t\000e\000c\000c\000i\000\363}{chapter.8}% 150
\BOOKMARK [0][-]{chapter.9}{\376\377\0009\000\040\000T\000r\000a\000n\000s\000f\000o\000r\000m\000a\000d\000o\000r\000s\000\040\000d\000e\000\040\000P\000o\000t\000\350\000n\000c\000i\000a}{part.2}% 151
\BOOKMARK [1][-]{section.9.1}{\376\377\0009\000.\0001\000\040\000I\000n\000t\000r\000o\000d\000u\000c\000c\000i\000\363}{chapter.9}% 152
\BOOKMARK [1][-]{section.9.2}{\376\377\0009\000.\0002\000\040\000E\000s\000q\000u\000e\000m\000a\000\040\000e\000q\000u\000i\000v\000a\000l\000e\000n\000t\000\040\000i\000\040\000p\000l\000a\000c\000a\000\040\000d\000e\000\040\000c\000a\000r\000a\000c\000t\000e\000r\000\355\000s\000t\000i\000q\000u\000e\000s}{chapter.9}% 153
\BOOKMARK [2][-]{subsection.9.2.1}{\376\377\0009\000.\0002\000.\0001\000\040\000E\000s\000q\000u\000e\000m\000a\000\040\000e\000q\000u\000i\000v\000a\000l\000e\000n\000t}{section.9.2}% 154
\BOOKMARK [2][-]{subsection.9.2.2}{\376\377\0009\000.\0002\000.\0002\000\040\000P\000l\000a\000c\000a\000\040\000d\000e\000\040\000c\000a\000r\000a\000c\000t\000e\000r\000\355\000s\000t\000i\000q\000u\000e\000s}{section.9.2}% 155
\BOOKMARK [1][-]{section.9.3}{\376\377\0009\000.\0003\000\040\000E\000s\000q\000u\000e\000m\000e\000s\000\040\000e\000q\000u\000i\000v\000a\000l\000e\000n\000t\000s\000\040\000r\000e\000d\000u\000\357\000t\000s}{chapter.9}% 156
\BOOKMARK [1][-]{section.9.4}{\376\377\0009\000.\0004\000\040\000C\000i\000r\000c\000u\000i\000t\000\040\000e\000q\000u\000i\000v\000a\000l\000e\000n\000t\000\040\000T\000h\000\351\000v\000e\000n\000i\000n\000\040\000v\000i\000s\000t\000\040\000d\000e\000s\000\040\000d\000e\000l\000\040\000s\000e\000c\000u\000n\000d\000a\000r\000i}{chapter.9}% 157
\BOOKMARK [1][-]{section.9.5}{\376\377\0009\000.\0005\000\040\000R\000e\000n\000d\000i\000m\000e\000n\000t\000,\000\040\000c\000a\000i\000g\000u\000d\000a\000\040\000d\000e\000\040\000t\000e\000n\000s\000i\000\363\000\040\000i\000\040\000r\000e\000g\000u\000l\000a\000c\000i\000\363\000\040\000d\000e\000\040\000v\000o\000l\000t\000a\000t\000g\000e}{chapter.9}% 158
\BOOKMARK [2][-]{subsection.9.5.1}{\376\377\0009\000.\0005\000.\0001\000\040\000R\000e\000n\000d\000i\000m\000e\000n\000t}{section.9.5}% 159
\BOOKMARK [2][-]{subsection.9.5.2}{\376\377\0009\000.\0005\000.\0002\000\040\000C\000a\000i\000g\000u\000d\000a\000\040\000d\000e\000\040\000t\000e\000n\000s\000i\000\363\000\040\000i\000\040\000r\000e\000g\000u\000l\000a\000c\000i\000\363\000\040\000d\000e\000\040\000v\000o\000l\000t\000a\000t\000g\000e}{section.9.5}% 160
\BOOKMARK [1][-]{section.9.6}{\376\377\0009\000.\0006\000\040\000D\000e\000t\000e\000r\000m\000i\000n\000a\000c\000i\000\363\000\040\000d\000e\000l\000s\000\040\000p\000a\000r\000\340\000m\000e\000t\000r\000e\000s\000\040\000e\000l\000\350\000c\000t\000r\000i\000c\000s}{chapter.9}% 161
\BOOKMARK [2][-]{subsection.9.6.1}{\376\377\0009\000.\0006\000.\0001\000\040\000A\000s\000s\000a\000i\000g\000\040\000e\000n\000\040\000b\000u\000i\000t}{section.9.6}% 162
\BOOKMARK [2][-]{subsection.9.6.2}{\376\377\0009\000.\0006\000.\0002\000\040\000A\000s\000s\000a\000i\000g\000\040\000e\000n\000\040\000c\000u\000r\000t\000c\000i\000r\000c\000u\000i\000t}{section.9.6}% 163
\BOOKMARK [2][-]{subsection.9.6.3}{\376\377\0009\000.\0006\000.\0003\000\040\000D\000e\000t\000e\000r\000m\000i\000n\000a\000c\000i\000\363\000\040\000d\000e\000l\000s\000\040\000p\000a\000r\000\340\000m\000e\000t\000r\000e\000s\000\040\000a\000\040\000p\000a\000r\000t\000i\000r\000\040\000d\000e\000l\000s\000\040\000a\000s\000s\000a\000j\000o\000s\000\040\000e\000n\000\040\000b\000u\000i\000t\000\040\000i\000\040\000e\000n\000\040\000c\000u\000r\000t\000c\000i\000r\000c\000u\000i\000t}{section.9.6}% 164
\BOOKMARK [1][-]{section.9.7}{\376\377\0009\000.\0007\000\040\000T\000r\000a\000n\000s\000f\000o\000r\000m\000a\000d\000o\000r\000s\000\040\000d\000e\000\040\000t\000r\000e\000s\000\040\000d\000e\000b\000a\000n\000a\000t\000s}{chapter.9}% 165
\BOOKMARK [1][-]{section.9.8}{\376\377\0009\000.\0008\000\040\000C\000a\000r\000a\000c\000t\000e\000r\000\355\000s\000t\000i\000q\000u\000e\000s\000\040\000p\000a\000r\000t\000i\000c\000u\000l\000a\000r\000s\000\040\000d\000e\000l\000s\000\040\000t\000r\000a\000n\000s\000f\000o\000r\000m\000a\000d\000o\000r\000s\000\040\000t\000r\000i\000f\000\340\000s\000i\000c\000s}{chapter.9}% 166
\BOOKMARK [2][-]{subsection.9.8.1}{\376\377\0009\000.\0008\000.\0001\000\040\000T\000i\000p\000u\000s\000\040\000d\000e\000\040\000c\000o\000n\000n\000e\000x\000i\000o\000n\000s}{section.9.8}% 167
\BOOKMARK [2][-]{subsection.9.8.2}{\376\377\0009\000.\0008\000.\0002\000\040\000\315\000n\000d\000e\000x\000\040\000h\000o\000r\000a\000r\000i\000\040\000i\000\040\000g\000r\000u\000p\000\040\000d\000e\000\040\000c\000o\000n\000n\000e\000x\000i\000\363}{section.9.8}% 168
\BOOKMARK [2][-]{subsection.9.8.3}{\376\377\0009\000.\0008\000.\0003\000\040\000C\000i\000r\000c\000u\000i\000t\000\040\000h\000o\000m\000o\000p\000o\000l\000a\000r}{section.9.8}% 169
\BOOKMARK [2][-]{subsection.9.8.4}{\376\377\0009\000.\0008\000.\0004\000\040\000T\000e\000n\000s\000i\000o\000n\000s\000\040\000i\000\040\000c\000o\000r\000r\000e\000n\000t\000s\000\040\000d\000e\000\040\000s\000e\000q\000\374\000\350\000n\000c\000i\000a\000\040\000d\000i\000r\000e\000c\000t\000a\000,\000\040\000i\000n\000v\000e\000r\000s\000a\000\040\000i\000\040\000h\000o\000m\000o\000p\000o\000l\000a\000r}{section.9.8}% 170
\BOOKMARK [1][-]{section.9.9}{\376\377\0009\000.\0009\000\040\000C\000o\000n\000n\000e\000x\000i\000\363\000\040\000d\000e\000\040\000t\000r\000a\000n\000s\000f\000o\000r\000m\000a\000d\000o\000r\000s\000\040\000e\000n\000\040\000p\000a\000r\000a\001\100\000l\000e\000l}{chapter.9}% 171
\BOOKMARK [2][-]{subsection.9.9.1}{\376\377\0009\000.\0009\000.\0001\000\040\000C\000o\000n\000d\000i\000c\000i\000o\000n\000s\000\040\000m\000\355\000n\000i\000m\000e\000s\000\040\000d\000e\000\040\000c\000o\000n\000n\000e\000x\000i\000\363}{section.9.9}% 172
\BOOKMARK [2][-]{subsection.9.9.2}{\376\377\0009\000.\0009\000.\0002\000\040\000C\000o\000n\000d\000i\000c\000i\000o\000n\000s\000\040\000p\000e\000r\000\040\000a\000\040\000u\000n\000a\000\040\000c\000o\000n\000n\000e\000x\000i\000\363\000\040\000c\000o\000r\000r\000e\000c\000t\000a}{section.9.9}% 173
\BOOKMARK [2][-]{subsection.9.9.3}{\376\377\0009\000.\0009\000.\0003\000\040\000C\000o\000n\000d\000i\000c\000i\000o\000n\000s\000\040\000p\000e\000r\000\040\000a\000\040\000u\000n\000a\000\040\000c\000o\000n\000n\000e\000x\000i\000\363\000\040\000\362\000p\000t\000i\000m\000a}{section.9.9}% 174
\BOOKMARK [1][-]{section.9.10}{\376\377\0009\000.\0001\0000\000\040\000C\000o\000r\000r\000e\000n\000t\000\040\000d\000'\000i\000r\000r\000u\000p\000c\000i\000\363\000\040\000\050\000i\000n\000r\000u\000s\000h\000\040\000c\000u\000r\000r\000e\000n\000t\000\051}{chapter.9}% 175
\BOOKMARK [1][-]{section.9.11}{\376\377\0009\000.\0001\0001\000\040\000D\000e\000s\000i\000g\000n\000a\000c\000i\000\363\000\040\000d\000e\000\040\000l\000e\000s\000\040\000c\000l\000a\000s\000s\000e\000s\000\040\000d\000e\000\040\000r\000e\000f\000r\000i\000g\000e\000r\000a\000c\000i\000\363}{chapter.9}% 176
\BOOKMARK [0][-]{chapter.10}{\376\377\0001\0000\000\040\000M\000o\000t\000o\000r\000s\000\040\000d\000'\000I\000n\000d\000u\000c\000c\000i\000\363\000\040\000T\000r\000i\000f\000\340\000s\000i\000c\000s}{part.2}% 177
\BOOKMARK [1][-]{section.10.1}{\376\377\0001\0000\000.\0001\000\040\000I\000n\000t\000r\000o\000d\000u\000c\000c\000i\000\363}{chapter.10}% 178
\BOOKMARK [1][-]{section.10.2}{\376\377\0001\0000\000.\0002\000\040\000U\000n\000i\000t\000a\000t\000s\000\040\000d\000e\000\040\000m\000e\000s\000u\000r\000a\000\040\000a\000n\000g\000l\000e\000s\000e\000s}{chapter.10}% 179
\BOOKMARK [2][-]{subsection.10.2.1}{\376\377\0001\0000\000.\0002\000.\0001\000\040\000U\000n\000i\000t\000a\000t\000s\000\040\000b\000a\000s\000e}{section.10.2}% 180
\BOOKMARK [2][-]{subsection.10.2.2}{\376\377\0001\0000\000.\0002\000.\0002\000\040\000A\000l\000t\000r\000e\000s\000\040\000u\000n\000i\000t\000a\000t\000s}{section.10.2}% 181
\BOOKMARK [2][-]{subsection.10.2.3}{\376\377\0001\0000\000.\0002\000.\0003\000\040\000F\000a\000c\000t\000o\000r\000s\000\040\000d\000e\000\040\000c\000o\000n\000v\000e\000r\000s\000i\000\363}{section.10.2}% 182
\BOOKMARK [1][-]{section.10.3}{\376\377\0001\0000\000.\0003\000\040\000E\000q\000u\000a\000c\000i\000o\000n\000s\000\040\000b\000\340\000s\000i\000q\000u\000e\000s}{chapter.10}% 183
\BOOKMARK [1][-]{section.10.4}{\376\377\0001\0000\000.\0004\000\040\000E\000s\000q\000u\000e\000m\000a\000\040\000e\000l\000\350\000c\000t\000r\000i\000c\000\040\000e\000q\000u\000i\000v\000a\000l\000e\000n\000t}{chapter.10}% 184
\BOOKMARK [2][-]{subsection.10.4.1}{\376\377\0001\0000\000.\0004\000.\0001\000\040\000T\000e\000n\000s\000i\000\363\000,\000\040\000c\000o\000r\000r\000e\000n\000t\000,\000\040\000i\000m\000p\000e\000d\000\340\000n\000c\000i\000a\000\040\000i\000\040\000f\000a\000c\000t\000o\000r\000\040\000d\000e\000\040\000p\000o\000t\000\350\000n\000c\000i\000a}{section.10.4}% 185
\BOOKMARK [2][-]{subsection.10.4.2}{\376\377\0001\0000\000.\0004\000.\0002\000\040\000P\000o\000t\000\350\000n\000c\000i\000a\000,\000\040\000p\000a\000r\000e\000l\000l\000\040\000i\000\040\000r\000e\000n\000d\000i\000m\000e\000n\000t}{section.10.4}% 186
\BOOKMARK [2][-]{subsection.10.4.3}{\376\377\0001\0000\000.\0004\000.\0003\000\040\000T\000e\000n\000s\000i\000\363\000\040\000d\000e\000s\000e\000q\000u\000i\000l\000i\000b\000r\000a\000d\000a}{section.10.4}% 187
\BOOKMARK [2][-]{subsection.10.4.4}{\376\377\0001\0000\000.\0004\000.\0004\000\040\000T\000e\000n\000s\000i\000\363\000\040\000i\000\040\000p\000o\000t\000\350\000n\000c\000i\000a\000\040\000r\000e\000d\000u\000\357\000d\000a}{section.10.4}% 188
\BOOKMARK [2][-]{subsection.10.4.5}{\376\377\0001\0000\000.\0004\000.\0005\000\040\000F\000a\000s\000e\000\040\000o\000b\000e\000r\000t\000a}{section.10.4}% 189
\BOOKMARK [1][-]{section.10.5}{\376\377\0001\0000\000.\0005\000\040\000N\000o\000r\000m\000a\000\040\000N\000E\000M\000A\000\040\000M\000G\000-\0001}{chapter.10}% 190
\BOOKMARK [2][-]{subsection.10.5.1}{\376\377\0001\0000\000.\0005\000.\0001\000\040\000P\000u\000n\000t\000s\000\040\000c\000a\000r\000a\000c\000t\000e\000r\000\355\000s\000t\000i\000c\000s\000\040\000d\000e\000\040\000l\000a\000\040\000c\000o\000r\000b\000a\000\040\000p\000a\000r\000e\000l\000l\000-\000v\000e\000l\000o\000c\000i\000t\000a\000t}{section.10.5}% 191
\BOOKMARK [2][-]{subsection.10.5.2}{\376\377\0001\0000\000.\0005\000.\0002\000\040\000C\000o\000d\000i\000\040\000d\000e\000\040\000l\000l\000e\000t\000r\000e\000s\000\040\000d\000e\000\040\000c\000o\000r\000r\000e\000n\000t\000\040\000d\000'\000a\000r\000r\000e\000n\000c\000a\000d\000a}{section.10.5}% 192
\BOOKMARK [2][-]{subsection.10.5.3}{\376\377\0001\0000\000.\0005\000.\0003\000\040\000T\000e\000n\000s\000i\000\363\000\040\000d\000e\000s\000e\000q\000u\000i\000l\000i\000b\000r\000a\000d\000a}{section.10.5}% 193
\BOOKMARK [2][-]{subsection.10.5.4}{\376\377\0001\0000\000.\0005\000.\0004\000\040\000C\000l\000a\000s\000s\000e\000s\000\040\000d\000'\000a\000\357\000l\000l\000a\000m\000e\000n\000t\000s\000\040\000t\000\350\000r\000m\000i\000c\000s\000\040\000e\000n\000\040\000m\000o\000t\000o\000r\000s}{section.10.5}% 194
\BOOKMARK [1][-]{section.10.6}{\376\377\0001\0000\000.\0006\000\040\000C\000o\000m\000p\000a\000t\000i\000b\000i\000l\000i\000t\000a\000t\000\040\000e\000n\000t\000r\000e\000\040\000e\000l\000s\000\040\000m\000o\000t\000o\000r\000s\000\040\000d\000e\000\040\0005\0000\000\040\000H\000z\000\040\000i\000\040\000e\000l\000s\000\040\000d\000e\000\040\0006\0000\000\040\000H\000z}{chapter.10}% 195
\BOOKMARK [-1][]{part.3}{\376\377\000I\000I\000I\000\040\000S\000i\000s\000t\000e\000m\000e\000s\000\040\000E\000l\000\350\000c\000t\000r\000i\000c\000s\000\040\000d\000e\000\040\000P\000o\000t\000\350\000n\000c\000i\000a}{}% 196
\BOOKMARK [0][-]{chapter.11}{\376\377\0001\0001\000\040\000R\000e\000s\000o\000l\000u\000c\000i\000\363\000\040\000d\000e\000\040\000X\000a\000r\000x\000e\000s\000\040\000E\000l\000\350\000c\000t\000r\000i\000q\000u\000e\000s}{part.3}% 197
\BOOKMARK [1][-]{section.11.1}{\376\377\0001\0001\000.\0001\000\040\000I\000n\000t\000r\000o\000d\000u\000c\000c\000i\000\363}{chapter.11}% 198
\BOOKMARK [1][-]{section.11.2}{\376\377\0001\0001\000.\0002\000\040\000M\000\350\000t\000o\000d\000e\000\040\000g\000e\000n\000e\000r\000a\000l\000\040\000d\000e\000\040\000r\000e\000s\000o\000l\000u\000c\000i\000\363}{chapter.11}% 199
\BOOKMARK [1][-]{section.11.3}{\376\377\0001\0001\000.\0003\000\040\000M\000\350\000t\000o\000d\000e\000\040\000p\000a\000r\000t\000i\000c\000u\000l\000a\000r\000\040\000d\000e\000\040\000r\000e\000s\000o\000l\000u\000c\000i\000\363\000\040\000s\000e\000n\000s\000e\000\040\000a\000c\000o\000b\000l\000a\000m\000e\000n\000t\000s\000\040\000m\000a\000g\000n\000\350\000t\000i\000c\000s}{chapter.11}% 200
\BOOKMARK [1][-]{section.11.4}{\376\377\0001\0001\000.\0004\000\040\000M\000\350\000t\000o\000d\000e\000\040\000p\000a\000r\000t\000i\000c\000u\000l\000a\000r\000\040\000d\000e\000\040\000r\000e\000s\000o\000l\000u\000c\000i\000\363\000\040\000a\000m\000b\000\040\000a\000c\000o\000b\000l\000a\000m\000e\000n\000t\000s\000\040\000m\000a\000g\000n\000\350\000t\000i\000c\000s}{chapter.11}% 201
\BOOKMARK [1][-]{section.11.5}{\376\377\0001\0001\000.\0005\000\040\000C\000i\000r\000c\000u\000i\000t\000s\000\040\000e\000q\000u\000i\000v\000a\000l\000e\000n\000t\000s\000\040\000T\000h\000\351\000v\000e\000n\000i\000n\000\040\000i\000\040\000N\000o\000r\000t\000o\000n}{chapter.11}% 202
\BOOKMARK [1][-]{section.11.6}{\376\377\0001\0001\000.\0006\000\040\000C\000u\000r\000t\000c\000i\000r\000c\000u\000i\000t\000s}{chapter.11}% 203
\BOOKMARK [0][-]{chapter.12}{\376\377\0001\0002\000\040\000F\000l\000u\000x\000\040\000d\000e\000\040\000C\000\340\000r\000r\000e\000g\000u\000e\000s}{part.3}% 204
\BOOKMARK [1][-]{section.12.1}{\376\377\0001\0002\000.\0001\000\040\000I\000n\000t\000r\000o\000d\000u\000c\000c\000i\000\363}{chapter.12}% 205
\BOOKMARK [1][-]{section.12.2}{\376\377\0001\0002\000.\0002\000\040\000M\000o\000d\000e\000l\000s\000\040\000m\000a\000t\000e\000m\000\340\000t\000i\000c\000s}{chapter.12}% 206
\BOOKMARK [2][-]{subsection.12.2.1}{\376\377\0001\0002\000.\0002\000.\0001\000\040\000C\000\340\000r\000r\000e\000g\000u\000e\000s}{section.12.2}% 207
\BOOKMARK [2][-]{subsection.12.2.2}{\376\377\0001\0002\000.\0002\000.\0002\000\040\000L\000\355\000n\000i\000e\000s\000\040\000e\000l\000\350\000c\000t\000r\000i\000q\000u\000e\000s}{section.12.2}% 208
\BOOKMARK [2][-]{subsection.12.2.3}{\376\377\0001\0002\000.\0002\000.\0003\000\040\000T\000r\000a\000n\000s\000f\000o\000r\000m\000a\000d\000o\000r\000s\000\040\000a\000m\000b\000\040\000r\000e\000g\000u\000l\000a\000c\000i\000\363\000\040\000v\000a\000r\000i\000a\000b\000l\000e\000\040\000i\000\040\000d\000e\000s\000f\000a\000s\000a\000m\000e\000n\000t}{section.12.2}% 209
\BOOKMARK [2][-]{subsection.12.2.4}{\376\377\0001\0002\000.\0002\000.\0004\000\040\000T\000r\000a\000n\000s\000f\000o\000r\000m\000a\000d\000o\000r\000s\000\040\000a\000m\000b\000\040\000r\000e\000g\000u\000l\000a\000c\000i\000\363\000\040\000v\000a\000r\000i\000a\000b\000l\000e\000\040\000s\000e\000n\000s\000e\000\040\000d\000e\000s\000f\000a\000s\000a\000m\000e\000n\000t}{section.12.2}% 210
\BOOKMARK [1][-]{section.12.3}{\376\377\0001\0002\000.\0003\000\040\000T\000i\000p\000u\000s\000\040\000d\000e\000\040\000n\000u\000s\000o\000s}{chapter.12}% 211
\BOOKMARK [1][-]{section.12.4}{\376\377\0001\0002\000.\0004\000\040\000F\000o\000r\000m\000u\000l\000a\000c\000i\000\363\000\040\000d\000e\000l\000\040\000p\000r\000o\000b\000l\000e\000m\000a}{chapter.12}% 212
\BOOKMARK [1][-]{section.12.5}{\376\377\0001\0002\000.\0005\000\040\000C\000o\000n\000t\000r\000o\000l\000\040\000d\000e\000l\000\040\000f\000l\000u\000x\000\040\000d\000e\000\040\000p\000o\000t\000\350\000n\000c\000i\000a}{chapter.12}% 213
\BOOKMARK [1][-]{section.12.6}{\376\377\0001\0002\000.\0006\000\040\000R\000e\000s\000o\000l\000u\000c\000i\000\363\000\040\000d\000e\000\040\000s\000i\000s\000t\000e\000m\000e\000s\000\040\000d\000'\000e\000q\000u\000a\000c\000i\000o\000n\000s\000\040\000n\000o\000\040\000l\000i\000n\000e\000a\000l\000s\000\040\000a\000m\000b\000\040\000e\000l\000s\000\040\000p\000r\000o\000g\000r\000a\000m\000e\000s\000\040\000M\000a\000t\000h\000e\000m\000a\000t\000i\000c\000a\000\256\000,\000\040\000M\000A\000T\000L\000A\000B\000\256\000\040\000i\000\040\000G\000N\000U\000\040\000O\000c\000t\000a\000v\000e\000,\000\040\000i\000\040\000a\000m\000b\000\040\000l\000a\000\040\000c\000a\000l\000c\000u\000l\000a\000d\000o\000r\000a\000\040\000H\000P\000\040\000P\000r\000i\000m\000e}{chapter.12}% 214
\BOOKMARK [2][-]{subsection.12.6.1}{\376\377\0001\0002\000.\0006\000.\0001\000\040\000R\000e\000s\000o\000l\000u\000c\000i\000\363\000\040\000a\000m\000b\000\040\000e\000l\000\040\000p\000r\000o\000g\000r\000a\000m\000a\000\040\000M\000a\000t\000h\000e\000m\000a\000t\000i\000c\000a\000\256}{section.12.6}% 215
\BOOKMARK [2][-]{subsection.12.6.2}{\376\377\0001\0002\000.\0006\000.\0002\000\040\000R\000e\000s\000o\000l\000u\000c\000i\000\363\000\040\000a\000m\000b\000\040\000e\000l\000s\000\040\000p\000r\000o\000g\000r\000a\000m\000e\000s\000\040\000M\000A\000T\000L\000A\000B\000\256\000\040\000i\000\040\000G\000N\000U\000\040\000O\000c\000t\000a\000v\000e}{section.12.6}% 216
\BOOKMARK [2][-]{subsection.12.6.3}{\376\377\0001\0002\000.\0006\000.\0003\000\040\000R\000e\000s\000o\000l\000u\000c\000i\000\363\000\040\000a\000m\000b\000\040\000l\000a\000\040\000c\000a\000l\000c\000u\000l\000a\000d\000o\000r\000a\000\040\000H\000P\000\040\000P\000r\000i\000m\000e}{section.12.6}% 217
\BOOKMARK [0][-]{chapter.13}{\376\377\0001\0003\000\040\000N\000o\000r\000m\000a\000t\000i\000v\000e\000s\000\040\000D\000i\000v\000e\000r\000s\000e\000s}{part.3}% 218
\BOOKMARK [1][-]{section.13.1}{\376\377\0001\0003\000.\0001\000\040\000N\000u\000m\000e\000r\000a\000c\000i\000\363\000\040\000d\000e\000\040\000f\000u\000n\000c\000i\000o\000n\000s\000\040\000d\000e\000\040\000d\000i\000s\000p\000o\000s\000i\000t\000i\000u\000s\000\040\000e\000l\000\350\000c\000t\000r\000i\000c\000s\000\040\000s\000e\000g\000o\000n\000s\000\040\000l\000a\000\040\000n\000o\000r\000m\000a\000\040\000I\000E\000E\000E\000\040\000C\0003\0007\000.\0002\000\040}{chapter.13}% 219
\BOOKMARK [2][-]{subsection.13.1.1}{\376\377\0001\0003\000.\0001\000.\0001\000\040\000D\000e\000f\000i\000n\000i\000c\000i\000o\000n\000s}{section.13.1}% 220
\BOOKMARK [2][-]{subsection.13.1.2}{\376\377\0001\0003\000.\0001\000.\0002\000\040\000F\000u\000n\000c\000i\000o\000n\000s\000\040\0005\0000\000,\000\040\0005\0000\000T\000D\000\040\000i\000\040\0005\0001}{section.13.1}% 221
\BOOKMARK [1][-]{section.13.2}{\376\377\0001\0003\000.\0002\000\040\000G\000r\000a\000u\000\040\000d\000e\000\040\000p\000r\000o\000t\000e\000c\000c\000i\000\363\000\040\000I\000P}{chapter.13}% 222
\BOOKMARK [1][-]{section.13.3}{\376\377\0001\0003\000.\0003\000\040\000C\000o\000d\000i\000\040\000I\000K\000\040\000d\000e\000\040\000r\000e\000s\000i\000s\000t\000\350\000n\000c\000i\000a\000\040\000a\000\040\000i\000m\000p\000a\000c\000t\000e\000s}{chapter.13}% 223
\BOOKMARK [1][-]{section.13.4}{\376\377\0001\0003\000.\0004\000\040\000C\000o\000d\000i\000\040\000N\000E\000M\000A\000\040\000d\000'\000e\000l\000e\000m\000e\000n\000t\000s\000\040\000e\000n\000v\000o\000l\000t\000a\000n\000t\000s}{chapter.13}% 224
\BOOKMARK [1][-]{section.13.5}{\376\377\0001\0003\000.\0005\000\040\000N\000o\000r\000m\000a\000\040\000C\000E\000I\000\040\0006\0000\0009\0004\0007\000-\0002\000\040\000d\000'\000i\000n\000t\000e\000r\000r\000u\000p\000t\000o\000r\000s\000\040\000a\000u\000t\000o\000m\000\340\000t\000i\000c\000s\000\040\000d\000e\000\040\000b\000a\000i\000x\000a\000\040\000t\000e\000n\000s\000i\000\363}{chapter.13}% 225
\BOOKMARK [1][-]{section.13.6}{\376\377\0001\0003\000.\0006\000\040\000\300\000m\000b\000i\000t\000\040\000d\000'\000a\000p\000l\000i\000c\000a\000c\000i\000\363\000\040\000d\000e\000\040\000d\000i\000v\000e\000r\000s\000e\000s\000\040\000N\000o\000r\000m\000e\000s\000\040\000C\000E\000I}{chapter.13}% 226
\BOOKMARK [1][-]{section.13.7}{\376\377\0001\0003\000.\0007\000\040\000\300\000m\000b\000i\000t\000\040\000d\000'\000a\000p\000l\000i\000c\000a\000c\000i\000\363\000\040\000d\000e\000\040\000d\000i\000v\000e\000r\000s\000e\000s\000\040\000N\000o\000r\000m\000e\000s\000\040\000I\000E\000E\000E}{chapter.13}% 227
\BOOKMARK [-1][]{part.4}{\376\377\000I\000V\000\040\000P\000y\000t\000h\000o\000n}{}% 228
\BOOKMARK [0][-]{chapter.14}{\376\377\0001\0004\000\040\000E\000l\000\040\000L\000l\000e\000n\000g\000u\000a\000t\000g\000e\000\040\000d\000e\000\040\000P\000r\000o\000g\000r\000a\000m\000a\000c\000i\000\363\000\040\000P\000y\000t\000h\000o\000n}{part.4}% 229
\BOOKMARK [1][-]{section.14.1}{\376\377\0001\0004\000.\0001\000\040\000I\000n\000t\000r\000o\000d\000u\000c\000c\000i\000\363}{chapter.14}% 230
\BOOKMARK [1][-]{section.14.2}{\376\377\0001\0004\000.\0002\000\040\000D\000e\000s\000e\000n\000v\000o\000l\000u\000p\000a\000m\000e\000n\000t\000\040\000d\000e\000\040\000p\000r\000o\000g\000r\000a\000m\000e\000s}{chapter.14}% 231
\BOOKMARK [1][-]{section.14.3}{\376\377\0001\0004\000.\0003\000\040\000L\000l\000i\000b\000r\000e\000r\000i\000e\000s\000\040\000c\000i\000e\000n\000t\000\355\000f\000i\000q\000u\000e\000s}{chapter.14}% 232
\BOOKMARK [2][-]{subsection.14.3.1}{\376\377\0001\0004\000.\0003\000.\0001\000\040\000N\000u\000m\000P\000y}{section.14.3}% 233
\BOOKMARK [2][-]{subsection.14.3.2}{\376\377\0001\0004\000.\0003\000.\0002\000\040\000S\000c\000i\000P\000y}{section.14.3}% 234
\BOOKMARK [2][-]{subsection.14.3.3}{\376\377\0001\0004\000.\0003\000.\0003\000\040\000S\000y\000m\000P\000y}{section.14.3}% 235
\BOOKMARK [2][-]{subsection.14.3.4}{\376\377\0001\0004\000.\0003\000.\0004\000\040\000M\000a\000t\000p\000l\000o\000t\000l\000i\000b}{section.14.3}% 236
\BOOKMARK [2][-]{subsection.14.3.5}{\376\377\0001\0004\000.\0003\000.\0005\000\040\000P\000a\000n\000d\000a\000s}{section.14.3}% 237
\BOOKMARK [2][-]{subsection.14.3.6}{\376\377\0001\0004\000.\0003\000.\0006\000\040\000P\000a\000n\000d\000a\000p\000o\000w\000e\000r}{section.14.3}% 238
\BOOKMARK [1][-]{section.14.4}{\376\377\0001\0004\000.\0004\000\040\000V\000e\000r\000s\000i\000o\000n\000s\000\040\000i\000\040\000c\000o\000n\000f\000i\000g\000u\000r\000a\000c\000i\000o\000n\000s}{chapter.14}% 239
\BOOKMARK [1][-]{section.14.5}{\376\377\0001\0004\000.\0005\000\040\000O\000n\000\040\000t\000r\000o\000b\000a\000r\000\040\000e\000l\000s\000\040\000p\000r\000o\000g\000r\000a\000m\000e\000s\000\040\000d\000e\000l\000\040\000l\000l\000i\000b\000r\000e}{chapter.14}% 240
\BOOKMARK [0][-]{chapter.15}{\376\377\0001\0005\000\040\000P\000r\000o\000g\000r\000a\000m\000e\000s\000\040\000d\000'\000A\000p\000l\000i\000c\000a\000c\000i\000\363\000\040\000a\000\040\000l\000'\000E\000l\000e\000c\000t\000r\000o\000t\000\350\000c\000n\000i\000a}{part.4}% 241
\BOOKMARK [1][-]{section.15.1}{\376\377\0001\0005\000.\0001\000\040\000I\000n\000t\000r\000o\000d\000u\000c\000c\000i\000\363}{chapter.15}% 242
\BOOKMARK [1][-]{section.15.2}{\376\377\0001\0005\000.\0002\000\040\000F\000i\000t\000x\000e\000r\000\040\000d\000'\000i\000n\000i\000c\000i\000a\000l\000i\000t\000z\000a\000c\000i\000\363}{chapter.15}% 243
\BOOKMARK [1][-]{section.15.3}{\376\377\0001\0005\000.\0003\000\040\000M\000\362\000d\000u\000l\000\040\000d\000'\000u\000t\000i\000l\000i\000t\000a\000t\000s}{chapter.15}% 244
\BOOKMARK [1][-]{section.15.4}{\376\377\0001\0005\000.\0004\000\040\000M\000\362\000d\000u\000l\000\040\000d\000e\000\040\000f\000u\000n\000c\000i\000o\000n\000s\000\040\000d\000'\000e\000n\000g\000i\000n\000y\000e\000r\000i\000a\000\040\000e\000l\000\350\000c\000t\000r\000i\000c\000a}{chapter.15}% 245
\BOOKMARK [1][-]{section.15.5}{\376\377\0001\0005\000.\0005\000\040\000E\000x\000e\000m\000p\000l\000e\000s}{chapter.15}% 246
\BOOKMARK [0][-]{chapter.16}{\376\377\0001\0006\000\040\000E\000x\000e\000m\000p\000l\000e\000s\000\040\000R\000e\000s\000o\000l\000t\000s\000\040\000a\000m\000b\000\040\000P\000y\000t\000h\000o\000n}{part.4}% 247
\BOOKMARK [1][-]{section.16.1}{\376\377\0001\0006\000.\0001\000\040\000E\000x\000e\000m\000p\000l\000e\000s\000\040\000d\000e\000l\000\040\000c\000a\000p\000\355\000t\000o\000l\000\040\0001}{chapter.16}% 248
\BOOKMARK [2][-]{subsection.16.1.1}{\376\377\0001\0006\000.\0001\000.\0001\000\040\000E\000x\000e\000m\000p\000l\000e\000\040\0001\000.\0001\000\040\000T\000e\000o\000r\000e\000m\000a\000\040\000d\000e\000\040\000M\000i\000l\000l\000m\000a\000n\000\040\040\024\000\040\000B\000a\000t\000e\000r\000i\000e\000s\000\040\000e\000n\000\040\000p\000a\000r\000a\001\100\000l\000e\000l}{section.16.1}% 249
\BOOKMARK [2][-]{subsection.16.1.2}{\376\377\0001\0006\000.\0001\000.\0002\000\040\000E\000x\000e\000m\000p\000l\000e\000\040\0001\000.\0002\000\040\000T\000e\000o\000r\000e\000m\000a\000\040\000d\000e\000\040\000M\000i\000l\000l\000m\000a\000n\000\040\040\024\000\040\000C\000\340\000r\000r\000e\000g\000u\000e\000s\000\040\000t\000r\000i\000f\000\340\000s\000i\000q\000u\000e\000s\000\040\000a\000m\000b\000\040\000c\000o\000r\000r\000e\000n\000t\000\040\000d\000e\000\040\000n\000e\000u\000t\000r\000e}{section.16.1}% 250
\BOOKMARK [2][-]{subsection.16.1.3}{\376\377\0001\0006\000.\0001\000.\0003\000\040\000E\000x\000e\000m\000p\000l\000e\000\040\0001\000.\0004\000\040\000A\000p\000l\000i\000c\000a\000c\000i\000\363\000\040\000d\000e\000l\000\040\000t\000e\000o\000r\000e\000m\000a\000\040\000d\000e\000\040\000l\000a\000\040\000s\000u\000p\000e\000r\000p\000o\000s\000i\000c\000i\000\363}{section.16.1}% 251
\BOOKMARK [2][-]{subsection.16.1.4}{\376\377\0001\0006\000.\0001\000.\0004\000\040\000E\000x\000e\000m\000p\000l\000e\000\040\0001\000.\0008\000\040\000C\000\340\000r\000r\000e\000g\000a\000\040\000i\000\040\000d\000e\000s\000c\000\340\000r\000r\000e\000g\000a\000\040\000d\000'\000u\000n\000\040\000c\000i\000r\000c\000u\000i\000t\000\040\000R\000-\000L}{section.16.1}% 252
\BOOKMARK [2][-]{subsection.16.1.5}{\376\377\0001\0006\000.\0001\000.\0005\000\040\000E\000x\000e\000m\000p\000l\000e\000\040\0001\000.\0009\000\040\000C\000u\000r\000t\000c\000i\000r\000c\000u\000i\000t\000\040\000e\000n\000\040\000u\000n\000\040\000c\000i\000r\000c\000u\000i\000t\000\040\000R\000-\000L}{section.16.1}% 253
\BOOKMARK [2][-]{subsection.16.1.6}{\376\377\0001\0006\000.\0001\000.\0006\000\040\000E\000x\000e\000m\000p\000l\000e\000\040\0001\000.\0001\0000\000\040\000C\000o\000r\000r\000e\000n\000t\000\040\000d\000e\000\040\000p\000i\000c\000\040\000a\000s\000i\000m\000\350\000t\000r\000i\000c}{section.16.1}% 254
\BOOKMARK [2][-]{subsection.16.1.7}{\376\377\0001\0006\000.\0001\000.\0007\000\040\000E\000x\000e\000m\000p\000l\000e\000\040\0001\000.\0001\0001\000\040\000A\000p\000l\000i\000c\000a\000c\000i\000\363\000\040\000d\000e\000l\000\040\000m\000\350\000t\000o\000d\000e\000\040\000d\000e\000\040\000l\000e\000s\000\040\000m\000a\000l\000l\000e\000s}{section.16.1}% 255
\BOOKMARK [1][-]{section.16.2}{\376\377\0001\0006\000.\0002\000\040\000E\000x\000e\000m\000p\000l\000e\000s\000\040\000d\000e\000l\000\040\000c\000a\000p\000\355\000t\000o\000l\000\040\0002}{chapter.16}% 256
\BOOKMARK [2][-]{subsection.16.2.1}{\376\377\0001\0006\000.\0002\000.\0001\000\040\000E\000x\000e\000m\000p\000l\000e\000\040\0002\000.\0002\000\040\000T\000r\000a\000n\000s\000f\000o\000r\000m\000a\000c\000i\000\363\000\040\000d\000'\000i\000m\000p\000e\000d\000\340\000n\000c\000i\000e\000s\000\040\000t\000r\000i\000a\000n\000g\000l\000e\000\040\000a\000\040\000e\000s\000t\000r\000e\000l\000l\000a}{section.16.2}% 257
\BOOKMARK [2][-]{subsection.16.2.2}{\376\377\0001\0006\000.\0002\000.\0002\000\040\000E\000x\000e\000m\000p\000l\000e\000\040\0002\000.\0003\000\040\000R\000e\000s\000o\000l\000u\000c\000i\000\363\000\040\000d\000'\000u\000n\000\040\000c\000i\000r\000c\000u\000i\000t\000\040\000c\000o\000n\000e\000i\000x\000e\000n\000t\000\040\000l\000a\000\040\000p\000o\000t\000\350\000n\000c\000i\000a\000\040\000q\000u\000e\000\040\000a\000b\000s\000o\000r\000b\000e\000i\000x}{section.16.2}% 258
\BOOKMARK [1][-]{section.16.3}{\376\377\0001\0006\000.\0003\000\040\000E\000x\000e\000m\000p\000l\000e\000s\000\040\000d\000e\000l\000\040\000c\000a\000p\000\355\000t\000o\000l\000\040\0003}{chapter.16}% 259
\BOOKMARK [2][-]{subsection.16.3.1}{\376\377\0001\0006\000.\0003\000.\0001\000\040\000E\000x\000e\000m\000p\000l\000e\000\040\0003\000.\0001\000\040\000A\000p\000l\000i\000c\000a\000c\000i\000\363\000\040\000d\000e\000\040\000l\000e\000s\000\040\000c\000o\000m\000p\000o\000n\000e\000n\000t\000s\000\040\000s\000i\000m\000\350\000t\000r\000i\000q\000u\000e\000s\000\040\040\024\000\040\000I\000m\000p\000e\000d\000\340\000n\000c\000i\000e\000s\000\040\000e\000q\000u\000i\000l\000i\000b\000r\000a\000d\000e\000s}{section.16.3}% 260
\BOOKMARK [2][-]{subsection.16.3.2}{\376\377\0001\0006\000.\0003\000.\0002\000\040\000E\000x\000e\000m\000p\000l\000e\000\040\0003\000.\0002\000\040\000A\000p\000l\000i\000c\000a\000c\000i\000\363\000\040\000d\000e\000\040\000l\000e\000s\000\040\000c\000o\000m\000p\000o\000n\000e\000n\000t\000s\000\040\000s\000i\000m\000\350\000t\000r\000i\000q\000u\000e\000s\000\040\040\024\000\040\000I\000m\000p\000e\000d\000\340\000n\000c\000i\000e\000s\000\040\000d\000e\000s\000e\000q\000u\000i\000l\000i\000b\000r\000a\000d\000e\000s}{section.16.3}% 261
\BOOKMARK [1][-]{section.16.4}{\376\377\0001\0006\000.\0004\000\040\000E\000x\000e\000m\000p\000l\000e\000s\000\040\000d\000e\000l\000\040\000c\000a\000p\000\355\000t\000o\000l\000\040\0004}{chapter.16}% 262
\BOOKMARK [2][-]{subsection.16.4.1}{\376\377\0001\0006\000.\0004\000.\0001\000\040\000E\000x\000e\000m\000p\000l\000e\000\040\0004\000.\0003\000\040\000R\000e\000s\000o\000l\000u\000c\000i\000\363\000\040\000d\000'\000u\000n\000\040\000c\000i\000r\000c\000u\000i\000t\000\040\000e\000l\000\350\000c\000t\000r\000i\000c\000\040\000u\000t\000i\000l\000i\000t\000z\000a\000n\000t\000\040\000l\000e\000s\000\040\000s\000\350\000r\000i\000e\000s\000\040\000d\000e\000\040\000F\000o\000u\000r\000i\000e\000r}{section.16.4}% 263
\BOOKMARK [1][-]{section.16.5}{\376\377\0001\0006\000.\0005\000\040\000E\000x\000e\000m\000p\000l\000e\000s\000\040\000d\000e\000l\000\040\000c\000a\000p\000\355\000t\000o\000l\000\040\0005}{chapter.16}% 264
\BOOKMARK [2][-]{subsection.16.5.1}{\376\377\0001\0006\000.\0005\000.\0001\000\040\000E\000x\000e\000m\000p\000l\000e\000\040\0005\000.\0003\000\040\000R\000e\000s\000o\000l\000u\000c\000i\000\363\000\040\000d\000'\000u\000n\000\040\000c\000i\000r\000c\000u\000i\000t\000\040\000a\000m\000b\000\040\000c\000o\000n\000d\000i\000c\000i\000o\000n\000s\000\040\000i\000n\000i\000c\000i\000a\000l\000\040\000n\000o\000\040\000n\000u\001\100\000l\000e\000s}{section.16.5}% 265
\BOOKMARK [2][-]{subsection.16.5.2}{\376\377\0001\0006\000.\0005\000.\0002\000\040\000E\000x\000e\000m\000p\000l\000e\000\040\0005\000.\0004\000\040\000R\000e\000s\000o\000l\000u\000c\000i\000\363\000\040\000d\000'\000u\000n\000\040\000c\000i\000r\000c\000u\000i\000t\000\040\000a\000m\000b\000\040\000c\000o\000n\000d\000i\000c\000i\000o\000n\000s\000\040\000i\000n\000i\000c\000i\000a\000l\000\040\000n\000u\001\100\000l\000e\000s}{section.16.5}% 266
\BOOKMARK [1][-]{section.16.6}{\376\377\0001\0006\000.\0006\000\040\000E\000x\000e\000m\000p\000l\000e\000s\000\040\000d\000e\000l\000\040\000c\000a\000p\000\355\000t\000o\000l\000\040\0007}{chapter.16}% 267
\BOOKMARK [2][-]{subsection.16.6.1}{\376\377\0001\0006\000.\0006\000.\0001\000\040\000E\000x\000e\000m\000p\000l\000e\000\040\0007\000.\0001\000\040\000C\000\340\000l\000c\000u\000l\000\040\000d\000e\000\040\000l\000a\000\040\000c\000a\000i\000g\000u\000d\000a\000\040\000d\000e\000\040\000t\000e\000n\000s\000i\000\363\000\040\000e\000n\000\040\000u\000n\000\040\000s\000i\000s\000t\000e\000m\000a\000\040\000t\000r\000i\000f\000\340\000s\000i\000c}{section.16.6}% 268
\BOOKMARK [2][-]{subsection.16.6.2}{\376\377\0001\0006\000.\0006\000.\0002\000\040\000E\000x\000e\000m\000p\000l\000e\000\040\0007\000.\0003\000\040\000S\000e\000c\000c\000i\000\363\000\040\000e\000n\000\040\000m\000m\000\262\000\040\000c\000o\000r\000r\000e\000s\000p\000o\000n\000e\000n\000t\000\040\000a\000\040\000u\000n\000\040\000n\000\372\000m\000e\000r\000o\000\040\000A\000W\000G}{section.16.6}% 269
\BOOKMARK [2][-]{subsection.16.6.3}{\376\377\0001\0006\000.\0006\000.\0003\000\040\000E\000x\000e\000m\000p\000l\000e\000\040\0007\000.\0004\000\040\000N\000\372\000m\000e\000r\000o\000\040\000A\000W\000G\000\040\000c\000o\000r\000r\000e\000s\000p\000o\000n\000e\000n\000t\000\040\000a\000\040\000u\000n\000a\000\040\000s\000e\000c\000c\000i\000\363\000\040\000e\000n\000\040\000m\000m\000\262}{section.16.6}% 270
\BOOKMARK [1][-]{section.16.7}{\376\377\0001\0006\000.\0007\000\040\000E\000x\000e\000m\000p\000l\000e\000s\000\040\000d\000e\000l\000\040\000c\000a\000p\000\355\000t\000o\000l\000\040\0009}{chapter.16}% 271
\BOOKMARK [2][-]{subsection.16.7.1}{\376\377\0001\0006\000.\0007\000.\0001\000\040\000E\000x\000e\000m\000p\000l\000e\000\040\0009\000.\0001\000\040\000D\000e\000t\000e\000r\000m\000i\000n\000a\000c\000i\000\363\000\040\000d\000e\000l\000s\000\040\000p\000a\000r\000\340\000m\000e\000t\000r\000e\000s\000\040\000d\000'\000u\000n\000\040\000t\000r\000a\000n\000s\000f\000o\000r\000m\000a\000d\000o\000r}{section.16.7}% 272
\BOOKMARK [1][-]{section.16.8}{\376\377\0001\0006\000.\0008\000\040\000E\000x\000e\000m\000p\000l\000e\000s\000\040\000d\000e\000l\000\040\000c\000a\000p\000\355\000t\000o\000l\000\040\0001\0000}{chapter.16}% 273
\BOOKMARK [2][-]{subsection.16.8.1}{\376\377\0001\0006\000.\0008\000.\0001\000\040\000E\000x\000e\000m\000p\000l\000e\000\040\0001\0000\000.\0003\000\040\000T\000e\000m\000p\000s\000\040\000d\000'\000a\000r\000r\000e\000n\000c\000a\000d\000a\000\040\000d\000'\000u\000n\000\040\000m\000o\000t\000o\000r}{section.16.8}% 274
\BOOKMARK [2][-]{subsection.16.8.2}{\376\377\0001\0006\000.\0008\000.\0002\000\040\000E\000x\000e\000m\000p\000l\000e\000\040\0001\0000\000.\0004\000\040\000C\000a\000r\000a\000c\000t\000e\000r\000\355\000s\000t\000i\000q\000u\000e\000s\000\040\000d\000e\000\040\000f\000u\000n\000c\000i\000o\000n\000a\000m\000e\000n\000t\000\040\000d\000'\000u\000n\000\040\000m\000o\000t\000o\000r}{section.16.8}% 275
\BOOKMARK [2][-]{subsection.16.8.3}{\376\377\0001\0006\000.\0008\000.\0003\000\040\000E\000x\000e\000m\000p\000l\000e\000\040\0001\0000\000.\0005\000\040\000M\000o\000t\000o\000r\000\040\000a\000l\000i\000m\000e\000n\000t\000a\000t\000\040\000a\000m\000b\000\040\000t\000e\000n\000s\000i\000\363\000\040\000d\000e\000s\000e\000q\000u\000i\000l\000i\000b\000r\000a\000d\000a}{section.16.8}% 276
\BOOKMARK [2][-]{subsection.16.8.4}{\376\377\0001\0006\000.\0008\000.\0004\000\040\000E\000x\000e\000m\000p\000l\000e\000\040\0001\0000\000.\0006\000\040\000M\000o\000t\000o\000r\000\040\000c\000o\000n\000n\000e\000c\000t\000a\000t\000\040\000a\000\040\000u\000n\000a\000\040\000c\000\340\000r\000r\000e\000g\000a\000\040\000r\000e\000d\000u\000\357\000d\000a}{section.16.8}% 277
\BOOKMARK [2][-]{subsection.16.8.5}{\376\377\0001\0006\000.\0008\000.\0005\000\040\000E\000x\000e\000m\000p\000l\000e\000\040\0001\0000\000.\0007\000\040\000M\000o\000t\000o\000r\000\040\000a\000l\000i\000m\000e\000n\000t\000a\000t\000\040\000a\000\040\000t\000e\000n\000s\000i\000\363\000\040\000r\000e\000d\000u\000\357\000d\000a\000\040\040\024\000\040\000S\000o\000l\000u\000c\000i\000\363\000\040\000a\000p\000r\000o\000x\000i\000m\000a\000d\000a}{section.16.8}% 278
\BOOKMARK [2][-]{subsection.16.8.6}{\376\377\0001\0006\000.\0008\000.\0006\000\040\000E\000x\000e\000m\000p\000l\000e\000\040\0001\0000\000.\0008\000\040\000M\000o\000t\000o\000r\000\040\000a\000l\000i\000m\000e\000n\000t\000a\000t\000\040\000a\000\040\000t\000e\000n\000s\000i\000\363\000\040\000r\000e\000d\000u\000\357\000d\000a\000\040\040\024\000\040\000S\000o\000l\000u\000c\000i\000\363\000\040\000e\000x\000a\000c\000t\000a}{section.16.8}% 279
\BOOKMARK [2][-]{subsection.16.8.7}{\376\377\0001\0006\000.\0008\000.\0007\000\040\000E\000x\000e\000m\000p\000l\000e\000\040\0001\0000\000.\0009\000\040\000A\000r\000r\000e\000n\000c\000a\000d\000a\000\040\000a\000\040\000t\000e\000n\000s\000i\000\363\000\040\000r\000e\000d\000u\000\357\000d\000a\000,\000\040\000d\000e\000g\000u\000d\000a\000\040\000a\000l\000\040\000c\000o\000r\000r\000e\000n\000t\000\040\000d\000'\000a\000r\000r\000e\000n\000c\000a\000d\000a\000\040\000d\000e\000l\000\040\000m\000o\000t\000o\000r}{section.16.8}% 280
\BOOKMARK [2][-]{subsection.16.8.8}{\376\377\0001\0006\000.\0008\000.\0008\000\040\000E\000x\000e\000m\000p\000l\000e\000\040\0001\0000\000.\0001\0000\000\040\000M\000o\000t\000o\000r\000\040\000a\000l\000i\000m\000e\000n\000t\000a\000t\000\040\000a\000m\000b\000\040\000u\000n\000a\000\040\000f\000a\000s\000e\000\040\000o\000b\000e\000r\000t\000a}{section.16.8}% 281
\BOOKMARK [1][-]{section.16.9}{\376\377\0001\0006\000.\0009\000\040\000E\000x\000e\000m\000p\000l\000e\000s\000\040\000d\000e\000l\000\040\000c\000a\000p\000\355\000t\000o\000l\000\040\0001\0001}{chapter.16}% 282
\BOOKMARK [2][-]{subsection.16.9.1}{\376\377\0001\0006\000.\0009\000.\0001\000\040\000E\000x\000e\000m\000p\000l\000e\000\040\0001\0001\000.\0001\000\040\000A\000p\000l\000i\000c\000a\000c\000i\000\363\000\040\000d\000e\000l\000\040\000m\000\350\000t\000o\000d\000e\000\040\000d\000e\000l\000s\000\040\000n\000u\000s\000o\000s\000\040\040\024\000\040\000X\000a\000r\000x\000a\000\040\000a\000m\000b\000\040\000a\000c\000o\000b\000l\000a\000m\000e\000n\000t\000s\000\040\000m\000a\000g\000n\000\350\000t\000i\000c\000s}{section.16.9}% 283
\BOOKMARK [2][-]{subsection.16.9.2}{\376\377\0001\0006\000.\0009\000.\0002\000\040\000E\000x\000e\000m\000p\000l\000e\000\040\0001\0001\000.\0002\000\040\000A\000p\000l\000i\000c\000a\000c\000i\000\363\000\040\000d\000e\000l\000\040\000m\000\350\000t\000o\000d\000e\000\040\000d\000e\000l\000s\000\040\000n\000u\000s\000o\000s\000\040\040\024\000\040\000X\000a\000r\000x\000a\000\040\000s\000e\000n\000s\000e\000\040\000a\000c\000o\000b\000l\000a\000m\000e\000n\000t\000s\000\040\000m\000a\000g\000n\000\350\000t\000i\000c\000s}{section.16.9}% 284
\BOOKMARK [2][-]{subsection.16.9.3}{\376\377\0001\0006\000.\0009\000.\0003\000\040\000E\000x\000e\000m\000p\000l\000e\000\040\0001\0001\000.\0003\000\040\000I\000m\000p\000e\000d\000\340\000n\000c\000i\000a\000\040\000T\000h\000\351\000v\000e\000n\000i\000n\000\040\000e\000n\000t\000r\000e\000\040\000d\000o\000s\000\040\000n\000u\000s\000o\000s\000\040\000d\000'\000u\000n\000a\000\040\000x\000a\000r\000x\000a}{section.16.9}% 285
\BOOKMARK [2][-]{subsection.16.9.4}{\376\377\0001\0006\000.\0009\000.\0004\000\040\000E\000x\000e\000m\000p\000l\000e\000\040\0001\0001\000.\0004\000\040\000C\000u\000r\000t\000c\000i\000r\000c\000u\000i\000t\000\040\040\024\000\040\000X\000a\000r\000x\000a\000\040\000s\000e\000n\000z\000i\000l\000l\000a}{section.16.9}% 286
\BOOKMARK [2][-]{subsection.16.9.5}{\376\377\0001\0006\000.\0009\000.\0005\000\040\000E\000x\000e\000m\000p\000l\000e\000\040\0001\0001\000.\0005\000\040\000C\000u\000r\000t\000c\000i\000r\000c\000u\000i\000t\000\040\040\024\000\040\000X\000a\000r\000x\000a\000\040\000c\000o\000m\000p\000l\000e\000x\000a}{section.16.9}% 287
\BOOKMARK [1][-]{section.16.10}{\376\377\0001\0006\000.\0001\0000\000\040\000E\000x\000e\000m\000p\000l\000e\000s\000\040\000d\000e\000l\000\040\000c\000a\000p\000\355\000t\000o\000l\000\040\0001\0002}{chapter.16}% 288
\BOOKMARK [2][-]{subsection.16.10.1}{\376\377\0001\0006\000.\0001\0000\000.\0001\000\040\000E\000x\000e\000m\000p\000l\000e\000\040\0001\0002\000.\0001\000\040\000F\000l\000u\000x\000\040\000d\000e\000\040\000c\000\340\000r\000r\000e\000g\000a\000\040\000d\040\031\000u\000n\000a\000\040\000x\000a\000r\000x\000a}{section.16.10}% 289
\BOOKMARK [2][-]{subsection.16.10.2}{\376\377\0001\0006\000.\0001\0000\000.\0002\000\040\000E\000x\000e\000m\000p\000l\000e\000\040\0001\0002\000.\0002\000\040\000C\000o\000n\000t\000r\000o\000l\000\040\000d\000e\000\040\000t\000e\000n\000s\000i\000\363\000\040\000d\040\031\000u\000n\000\040\000n\000u\000s\000\040\000a\000m\000b\000\040\000c\000o\000n\000d\000e\000n\000s\000a\000d\000o\000r\000s}{section.16.10}% 290
\BOOKMARK [2][-]{subsection.16.10.3}{\376\377\0001\0006\000.\0001\0000\000.\0003\000\040\000E\000x\000e\000m\000p\000l\000e\000\040\0001\0002\000.\0003\000\040\000C\000o\000n\000t\000r\000o\000l\000\040\000d\000e\000\040\000t\000e\000n\000s\000i\000\363\000\040\000d\040\031\000u\000n\000\040\000n\000u\000s\000\040\000a\000m\000b\000\040\000u\000n\000\040\000t\000r\000a\000n\000s\000f\000o\000r\000m\000a\000d\000o\000r}{section.16.10}% 291
\BOOKMARK [1][-]{section.16.11}{\376\377\0001\0006\000.\0001\0001\000\040\000E\000x\000e\000m\000p\000l\000e\000s\000\040\000d\000e\000l\000\040\000c\000a\000p\000\355\000t\000o\000l\000\040\0001\0003}{chapter.16}% 292
\BOOKMARK [2][-]{subsection.16.11.1}{\376\377\0001\0006\000.\0001\0001\000.\0001\000\040\000E\000x\000e\000m\000p\000l\000e\000\040\0001\0003\000.\0001\000\040\000A\000c\000t\000u\000a\000c\000i\000\363\000\040\000d\000e\000\040\000l\000a\000\040\000f\000u\000n\000c\000i\000\363\000\040\0005\0001\000\040\000a\000m\000b\000\040\000u\000n\000\040\000c\000o\000r\000r\000e\000n\000t\000\040\000v\000a\000r\000i\000a\000b\000l\000e\000\040\000e\000n\000\040\000e\000l\000\040\000t\000e\000m\000p\000s}{section.16.11}% 293
\BOOKMARK [1][-]{section.16.12}{\376\377\0001\0006\000.\0001\0002\000\040\000E\000x\000e\000m\000p\000l\000e\000s\000\040\000d\000e\000\040\000l\000'\000a\000p\000\350\000n\000d\000i\000x\000\040\000D}{chapter.16}% 294
\BOOKMARK [2][-]{subsection.16.12.1}{\376\377\0001\0006\000.\0001\0002\000.\0001\000\040\000E\000x\000e\000m\000p\000l\000e\000\040\000D\000.\0001\000\040\000I\000n\000t\000e\000r\000p\000o\000l\000a\000c\000i\000\363\000\040\000l\000i\000n\000e\000a\000l\000\040\000i\000\040\000c\000\372\000b\000i\000c\000a}{section.16.12}% 295
\BOOKMARK [2][-]{subsection.16.12.2}{\376\377\0001\0006\000.\0001\0002\000.\0002\000\040\000E\000x\000e\000m\000p\000l\000e\000\040\000D\000.\0002\000\040\000I\000n\000t\000e\000r\000p\000o\000l\000a\000c\000i\000\363\000\040\000e\000n\000\040\000d\000u\000e\000s\000\040\000d\000i\000m\000e\000n\000s\000i\000o\000n\000s}{section.16.12}% 296
\BOOKMARK [2][-]{subsection.16.12.3}{\376\377\0001\0006\000.\0001\0002\000.\0003\000\040\000E\000x\000e\000m\000p\000l\000e\000\040\000D\000.\0003\000\040\000I\000n\000t\000e\000g\000r\000a\000c\000i\000\363\000\040\000n\000u\000m\000\350\000r\000i\000c\000a\000\040\000d\000'\000u\000n\000a\000\040\000f\000u\000n\000c\000i\000\363}{section.16.12}% 297
\BOOKMARK [2][-]{subsection.16.12.4}{\376\377\0001\0006\000.\0001\0002\000.\0004\000\040\000E\000x\000e\000m\000p\000l\000e\000\040\000D\000.\0004\000\040\000S\000o\000l\000u\000c\000i\000\363\000\040\000d\000'\000u\000n\000a\000\040\000f\000u\000n\000c\000i\000\363\000\040\000n\000o\000\040\000l\000i\000n\000e\000a\000l}{section.16.12}% 298
\BOOKMARK [-1][]{part.5}{\376\377\000V\000\040\000A\000p\000\350\000n\000d\000i\000x\000s}{}% 299
\BOOKMARK [0][-]{appendix.A}{\376\377\000A\000\040\000S\000i\000s\000t\000e\000m\000a\000\040\000I\000n\000t\000e\000r\000n\000a\000c\000i\000o\000n\000a\000l\000\040\000d\000'\000U\000n\000i\000t\000a\000t\000s\000\040\000\050\000S\000I\000\051}{part.5}% 300
\BOOKMARK [1][-]{section.A.1}{\376\377\000A\000.\0001\000\040\000I\000n\000t\000r\000o\000d\000u\000c\000c\000i\000\363}{appendix.A}% 301
\BOOKMARK [1][-]{section.A.2}{\376\377\000A\000.\0002\000\040\000U\000n\000i\000t\000a\000t\000s\000\040\000f\000o\000n\000a\000m\000e\000n\000t\000a\000l\000s\000\040\000d\000e\000\040\000l\000'\000S\000I}{appendix.A}% 302
\BOOKMARK [2][-]{subsection.A.2.1}{\376\377\000A\000.\0002\000.\0001\000\040\000D\000e\000f\000i\000n\000i\000c\000i\000o\000n\000s\000\040\000h\000i\000s\000t\000\362\000r\000i\000q\000u\000e\000s}{section.A.2}% 303
\BOOKMARK [2][-]{subsection.A.2.2}{\376\377\000A\000.\0002\000.\0002\000\040\000D\000e\000f\000i\000n\000i\000c\000i\000o\000n\000s\000\040\000a\000c\000t\000u\000a\000l\000s}{section.A.2}% 304
\BOOKMARK [1][-]{section.A.3}{\376\377\000A\000.\0003\000\040\000P\000r\000e\000f\000i\000x\000o\000s\000\040\000d\000e\000\040\000l\000'\000S\000I}{appendix.A}% 305
\BOOKMARK [1][-]{section.A.4}{\376\377\000A\000.\0004\000\040\000U\000n\000i\000t\000a\000t\000s\000\040\000d\000e\000r\000i\000v\000a\000d\000e\000s\000\040\000d\000e\000\040\000l\000'\000S\000I\000\040\000a\000m\000b\000\040\000n\000o\000m\000s\000\040\000i\000\040\000s\000\355\000m\000b\000o\000l\000s\000\040\000p\000r\000o\000p\000i\000s}{appendix.A}% 306
\BOOKMARK [1][-]{section.A.5}{\376\377\000A\000.\0005\000\040\000A\000l\000t\000r\000e\000s\000\040\000u\000n\000i\000t\000a\000t\000s\000\040\000d\000e\000r\000i\000v\000a\000d\000e\000s\000\040\000d\000e\000\040\000l\000'\000S\000I}{appendix.A}% 307
\BOOKMARK [1][-]{section.A.6}{\376\377\000A\000.\0006\000\040\000U\000n\000i\000t\000a\000t\000s\000\040\000f\000o\000r\000a\000\040\000d\000e\000\040\000l\000'\000S\000I}{appendix.A}% 308
\BOOKMARK [1][-]{section.A.7}{\376\377\000A\000.\0007\000\040\000U\000n\000i\000t\000a\000t\000s\000\040\000d\000e\000f\000i\000n\000i\000d\000e\000s\000\040\000e\000n\000\040\000l\000a\000\040\000n\000o\000r\000m\000a\000\040\000C\000E\000I\000/\000I\000S\000O\000\040\0008\0000\0000\0000\0000}{appendix.A}% 309
\BOOKMARK [2][-]{subsection.A.7.1}{\376\377\000A\000.\0007\000.\0001\000\040\000U\000n\000i\000t\000a\000t\000s\000\040\000i\000n\000f\000o\000r\000m\000\340\000t\000i\000q\000u\000e\000s\000\040\000i\000\040\000p\000r\000e\000f\000i\000x\000o\000s\000\040\000d\000e\000\040\000p\000o\000t\000\350\000n\000c\000i\000e\000s\000\040\000b\000i\000n\000\340\000r\000i\000e\000s}{section.A.7}% 310
\BOOKMARK [2][-]{subsection.A.7.2}{\376\377\000A\000.\0007\000.\0002\000\040\000U\000n\000i\000t\000a\000t\000s\000\040\000d\000e\000\040\000p\000o\000t\000\350\000n\000c\000i\000a\000\040\000e\000l\000\350\000c\000t\000r\000i\000c\000a}{section.A.7}% 311
\BOOKMARK [2][-]{subsection.A.7.3}{\376\377\000A\000.\0007\000.\0003\000\040\000U\000n\000i\000t\000a\000t\000s\000\040\000r\000e\000l\000a\000t\000i\000v\000e\000s\000\040\000a\000\040\000m\000\340\000q\000u\000i\000n\000e\000s\000\040\000e\000l\000\350\000c\000t\000r\000i\000q\000u\000e\000s\000\040\000r\000o\000t\000a\000t\000\362\000r\000i\000e\000s}{section.A.7}% 312
\BOOKMARK [1][-]{section.A.8}{\376\377\000A\000.\0008\000\040\000N\000o\000r\000m\000e\000s\000\040\000d\000'\000e\000s\000c\000r\000i\000p\000t\000u\000r\000a}{appendix.A}% 313
\BOOKMARK [1][-]{section.A.9}{\376\377\000A\000.\0009\000\040\000F\000a\000c\000t\000o\000r\000s\000\040\000d\000e\000\040\000c\000o\000n\000v\000e\000r\000s\000i\000\363\000\040\000d\000'\000u\000n\000i\000t\000a\000t\000s}{appendix.A}% 314
\BOOKMARK [0][-]{appendix.B}{\376\377\000B\000\040\000C\000o\000n\000s\000t\000a\000n\000t\000s\000\040\000F\000\355\000s\000i\000q\000u\000e\000s}{part.5}% 315
\BOOKMARK [1][-]{section.B.1}{\376\377\000B\000.\0001\000\040\000T\000a\000u\000l\000a\000\040\000d\000e\000\040\000v\000a\000l\000o\000r\000s}{appendix.B}% 316
\BOOKMARK [1][-]{section.B.2}{\376\377\000B\000.\0002\000\040\000E\000r\000r\000o\000r\000s\000\040\000a\000b\000s\000o\000l\000u\000t\000\040\000i\000\040\000r\000e\000l\000a\000t\000i\000u}{appendix.B}% 317
\BOOKMARK [0][-]{appendix.C}{\376\377\000C\000\040\000R\000e\000l\000a\000c\000i\000o\000n\000s\000\040\000T\000r\000i\000g\000o\000n\000o\000m\000\350\000t\000r\000i\000q\000u\000e\000s}{part.5}% 318
\BOOKMARK [1][-]{section.C.1}{\376\377\000C\000.\0001\000\040\000F\000u\000n\000c\000i\000o\000n\000s\000\040\000t\000r\000i\000g\000o\000n\000o\000m\000\350\000t\000r\000i\000q\000u\000e\000s}{appendix.C}% 319
\BOOKMARK [1][-]{section.C.2}{\376\377\000C\000.\0002\000\040\000L\000l\000e\000i\000s\000\040\000t\000r\000i\000g\000o\000n\000o\000m\000\350\000t\000r\000i\000q\000u\000e\000s\000\040\000d\000e\000l\000s\000\040\000t\000r\000i\000a\000n\000g\000l\000e\000s}{appendix.C}% 320
\BOOKMARK [1][-]{section.C.3}{\376\377\000C\000.\0003\000\040\000F\000u\000n\000c\000i\000o\000n\000s\000\040\000h\000i\000p\000e\000r\000b\000\362\000l\000i\000q\000u\000e\000s}{appendix.C}% 321
\BOOKMARK [1][-]{section.C.4}{\376\377\000C\000.\0004\000\040\000G\000r\000\340\000f\000i\000q\000u\000e\000s}{appendix.C}% 322
\BOOKMARK [0][-]{appendix.D}{\376\377\000D\000\040\000C\000\340\000l\000c\000u\000l\000\040\000N\000u\000m\000\350\000r\000i\000c}{part.5}% 323
\BOOKMARK [1][-]{section.D.1}{\376\377\000D\000.\0001\000\040\000I\000n\000t\000e\000r\000p\000o\000l\000a\000c\000i\000\363\000\040\000m\000i\000t\000j\000a\000n\000\347\000a\000n\000t\000\040\000p\000o\000l\000i\000n\000o\000m\000i\000s\000\040\000d\000e\000\040\000L\000a\000g\000r\000a\000n\000g\000e}{appendix.D}% 324
\BOOKMARK [1][-]{section.D.2}{\376\377\000D\000.\0002\000\040\000I\000n\000t\000e\000g\000r\000a\000c\000i\000\363}{appendix.D}% 325
\BOOKMARK [2][-]{subsection.D.2.1}{\376\377\000D\000.\0002\000.\0001\000\040\000R\000e\000g\000l\000a\000\040\000d\000e\000l\000s\000\040\000t\000r\000a\000p\000e\000z\000i\000s}{section.D.2}% 326
\BOOKMARK [2][-]{subsection.D.2.2}{\376\377\000D\000.\0002\000.\0002\000\040\000R\000e\000g\000l\000a\000\040\000d\000e\000\040\000S\000i\000m\000p\000s\000o\000n\000\040\0001\000/\0003}{section.D.2}% 327
\BOOKMARK [2][-]{subsection.D.2.3}{\376\377\000D\000.\0002\000.\0003\000\040\000R\000e\000g\000l\000a\000\040\000d\000e\000\040\000S\000i\000m\000p\000s\000o\000n\000\040\0003\000/\0008}{section.D.2}% 328
\BOOKMARK [1][-]{section.D.3}{\376\377\000D\000.\0003\000\040\000S\000o\000l\000u\000c\000i\000\363\000\040\000d\000'\000e\000q\000u\000a\000c\000i\000o\000n\000s\000\040\000n\000o\000\040\000l\000i\000n\000e\000a\000l\000s}{appendix.D}% 329
\BOOKMARK [2][-]{subsection.D.3.1}{\376\377\000D\000.\0003\000.\0001\000\040\000M\000\350\000t\000o\000d\000e\000\040\000d\000e\000\040\000N\000e\000w\000t\000o\000n}{section.D.3}% 330
\BOOKMARK [2][-]{subsection.D.3.2}{\376\377\000D\000.\0003\000.\0002\000\040\000M\000\350\000t\000o\000d\000e\000\040\000d\000e\000\040\000l\000a\000\040\000r\000e\000c\000t\000a\000\040\000s\000e\000c\000a\000n\000t}{section.D.3}% 331
\BOOKMARK [1][-]{section.D.4}{\376\377\000D\000.\0004\000\040\000S\000o\000l\000u\000c\000i\000\363\000\040\000d\000e\000\040\000s\000i\000s\000t\000e\000m\000e\000s\000\040\000d\000'\000e\000q\000u\000a\000c\000i\000o\000n\000s\000\040\000n\000o\000\040\000l\000i\000n\000e\000a\000l\000s}{appendix.D}% 332
\BOOKMARK [0][-]{appendix.E}{\376\377\000E\000\040\000P\000r\000o\000g\000r\000a\000m\000e\000s\000\040\000p\000e\000r\000\040\000a\000\040\000l\000a\000\040\000c\000a\000l\000c\000u\000l\000a\000d\000o\000r\000a\000\040\000H\000P\000\040\000P\000r\000i\000m\000e}{part.5}% 333
\BOOKMARK [1][-]{section.E.1}{\376\377\000E\000.\0001\000\040\000I\000n\000t\000r\000o\000d\000u\000c\000c\000i\000\363}{appendix.E}% 334
\BOOKMARK [1][-]{section.E.2}{\376\377\000E\000.\0002\000\040\000E\000l\000e\000c\000t\000r\000o\000t\000\350\000c\000n\000i\000a}{appendix.E}% 335
\BOOKMARK [1][-]{section.E.3}{\376\377\000E\000.\0003\000\040\000M\000a\000t\000e\000m\000\340\000t\000i\000q\000u\000e\000s}{appendix.E}% 336
\BOOKMARK [-1][]{part.6}{\376\377\000V\000I\000\040\000C\000l\000o\000e\000n\000d\000a}{}% 337
\BOOKMARK [0][-]{appendix*.95}{\376\377\000H\000i\000s\000t\000o\000r\000i\000a\000l}{part.6}% 338
\BOOKMARK [1][-]{section*.96}{\376\377\000V\000e\000r\000s\000i\000\363\000\040\0001\000.\0000}{appendix*.95}% 339
\BOOKMARK [1][-]{section*.97}{\376\377\000V\000e\000r\000s\000i\000\363\000\040\0001\000.\0001}{appendix*.95}% 340
\BOOKMARK [1][-]{section*.98}{\376\377\000V\000e\000r\000s\000i\000\363\000\040\0001\000.\0002}{appendix*.95}% 341
\BOOKMARK [1][-]{section*.99}{\376\377\000V\000e\000r\000s\000i\000\363\000\040\0001\000.\0003}{appendix*.95}% 342
\BOOKMARK [1][-]{section*.100}{\376\377\000V\000e\000r\000s\000i\000\363\000\040\0001\000.\0004}{appendix*.95}% 343
\BOOKMARK [1][-]{section*.101}{\376\377\000V\000e\000r\000s\000i\000\363\000\040\0002\000.\0000}{appendix*.95}% 344
\BOOKMARK [1][-]{section*.102}{\376\377\000V\000e\000r\000s\000i\000\363\000\040\0002\000.\0001}{appendix*.95}% 345
\BOOKMARK [1][-]{section*.103}{\376\377\000V\000e\000r\000s\000i\000\363\000\040\0002\000.\0002}{appendix*.95}% 346
\BOOKMARK [1][-]{section*.104}{\376\377\000V\000e\000r\000s\000i\000\363\000\040\0003\000.\0000}{appendix*.95}% 347
\BOOKMARK [1][-]{section*.105}{\376\377\000V\000e\000r\000s\000i\000\363\000\040\0003\000.\0001}{appendix*.95}% 348
\BOOKMARK [1][-]{section*.106}{\376\377\000V\000e\000r\000s\000i\000\363\000\040\0003\000.\0002}{appendix*.95}% 349
\BOOKMARK [1][-]{section*.107}{\376\377\000V\000e\000r\000s\000i\000\363\000\040\0004\000.\0000}{appendix*.95}% 350
\BOOKMARK [1][-]{section*.108}{\376\377\000V\000e\000r\000s\000i\000\363\000\040\0004\000.\0001}{appendix*.95}% 351
\BOOKMARK [1][-]{section*.109}{\376\377\000V\000e\000r\000s\000i\000\363\000\040\0004\000.\0002}{appendix*.95}% 352
\BOOKMARK [1][-]{section*.110}{\376\377\000V\000e\000r\000s\000i\000\363\000\040\0004\000.\0003}{appendix*.95}% 353
\BOOKMARK [1][-]{section*.111}{\376\377\000V\000e\000r\000s\000i\000\363\000\040\0004\000.\0004}{appendix*.95}% 354
\BOOKMARK [1][-]{section*.112}{\376\377\000V\000e\000r\000s\000i\000\363\000\040\0004\000.\0005}{appendix*.95}% 355
\BOOKMARK [1][-]{section*.113}{\376\377\000V\000e\000r\000s\000i\000\363\000\040\0004\000.\0006}{appendix*.95}% 356
\BOOKMARK [1][-]{section*.114}{\376\377\000V\000e\000r\000s\000i\000\363\000\040\0005\000.\0000}{appendix*.95}% 357
\BOOKMARK [1][-]{section*.115}{\376\377\000V\000e\000r\000s\000i\000\363\000\040\0005\000.\0001}{appendix*.95}% 358
\BOOKMARK [1][-]{section*.116}{\376\377\000V\000e\000r\000s\000i\000\363\000\040\0005\000.\0002}{appendix*.95}% 359
\BOOKMARK [1][-]{section*.117}{\376\377\000V\000e\000r\000s\000i\000\363\000\040\0005\000.\0003}{appendix*.95}% 360
\BOOKMARK [1][-]{section*.118}{\376\377\000V\000e\000r\000s\000i\000\363\000\040\0005\000.\0004}{appendix*.95}% 361
\BOOKMARK [1][-]{section*.119}{\376\377\000V\000e\000r\000s\000i\000\363\000\040\0005\000.\0005}{appendix*.95}% 362
\BOOKMARK [1][-]{section*.120}{\376\377\000V\000e\000r\000s\000i\000\363\000\040\0006\000.\0000}{appendix*.95}% 363
\BOOKMARK [1][-]{section*.121}{\376\377\000V\000e\000r\000s\000i\000\363\000\040\0006\000.\0001}{appendix*.95}% 364
\BOOKMARK [1][-]{section*.122}{\376\377\000V\000e\000r\000s\000i\000\363\000\040\0006\000.\0002}{appendix*.95}% 365
\BOOKMARK [1][-]{section*.123}{\376\377\000V\000e\000r\000s\000i\000\363\000\040\0006\000.\0003}{appendix*.95}% 366
\BOOKMARK [1][-]{section*.124}{\376\377\000V\000e\000r\000s\000i\000\363\000\040\0007\000.\0000}{appendix*.95}% 367
\BOOKMARK [1][-]{section*.125}{\376\377\000V\000e\000r\000s\000i\000\363\000\040\0007\000.\0001}{appendix*.95}% 368
\BOOKMARK [1][-]{section*.126}{\376\377\000V\000e\000r\000s\000i\000\363\000\040\0008\000.\0000}{appendix*.95}% 369
\BOOKMARK [1][-]{section*.127}{\376\377\000V\000e\000r\000s\000i\000\363\000\040\0008\000.\0001}{appendix*.95}% 370
\BOOKMARK [1][-]{section*.128}{\376\377\000V\000e\000r\000s\000i\000\363\000\040\0008\000.\0002}{appendix*.95}% 371
\BOOKMARK [1][-]{section*.129}{\376\377\000V\000e\000r\000s\000i\000\363\000\040\0008\000.\0003}{appendix*.95}% 372
\BOOKMARK [1][-]{section*.130}{\376\377\000V\000e\000r\000s\000i\000\363\000\040\0008\000.\0004}{appendix*.95}% 373
\BOOKMARK [1][-]{section*.131}{\376\377\000V\000e\000r\000s\000i\000\363\000\040\0009\000.\0000}{appendix*.95}% 374
\BOOKMARK [1][-]{section*.132}{\376\377\000V\000e\000r\000s\000i\000\363\000\040\0009\000.\0001}{appendix*.95}% 375
\BOOKMARK [1][-]{section*.133}{\376\377\000V\000e\000r\000s\000i\000\363\000\040\0001\0000\000.\0000}{appendix*.95}% 376
\BOOKMARK [1][-]{section*.134}{\376\377\000V\000e\000r\000s\000i\000\363\000\040\0001\0000\000.\0001}{appendix*.95}% 377
\BOOKMARK [1][-]{section*.135}{\376\377\000V\000e\000r\000s\000i\000\363\000\040\0001\0000\000.\0002}{appendix*.95}% 378
\BOOKMARK [1][-]{section*.136}{\376\377\000V\000e\000r\000s\000i\000\363\000\040\0001\0000\000.\0003}{appendix*.95}% 379
\BOOKMARK [1][-]{section*.137}{\376\377\000V\000e\000r\000s\000i\000\363\000\040\0001\0000\000.\0004}{appendix*.95}% 380
\BOOKMARK [1][-]{section*.138}{\376\377\000V\000e\000r\000s\000i\000\363\000\040\0001\0000\000.\0005}{appendix*.95}% 381
\BOOKMARK [1][-]{section*.139}{\376\377\000V\000e\000r\000s\000i\000\363\000\040\0001\0000\000.\0006}{appendix*.95}% 382
\BOOKMARK [1][-]{section*.140}{\376\377\000V\000e\000r\000s\000i\000\363\000\040\0001\0000\000.\0007}{appendix*.95}% 383
\BOOKMARK [1][-]{section*.141}{\376\377\000V\000e\000r\000s\000i\000\363\000\040\0001\0000\000.\0008}{appendix*.95}% 384
\BOOKMARK [1][-]{section*.142}{\376\377\000V\000e\000r\000s\000i\000\363\000\040\0001\0001\000.\0000}{appendix*.95}% 385
\BOOKMARK [1][-]{section*.143}{\376\377\000V\000e\000r\000s\000i\000\363\000\040\0001\0001\000.\0001}{appendix*.95}% 386
\BOOKMARK [1][-]{section*.144}{\376\377\000V\000e\000r\000s\000i\000\363\000\040\0001\0001\000.\0002}{appendix*.95}% 387
\BOOKMARK [1][-]{section*.145}{\376\377\000V\000e\000r\000s\000i\000\363\000\040\0001\0001\000.\0003}{appendix*.95}% 388
\BOOKMARK [1][-]{section*.146}{\376\377\000V\000e\000r\000s\000i\000\363\000\040\0001\0001\000.\0004}{appendix*.95}% 389
\BOOKMARK [1][-]{section*.147}{\376\377\000V\000e\000r\000s\000i\000\363\000\040\0001\0001\000.\0005}{appendix*.95}% 390
\BOOKMARK [1][-]{section*.148}{\376\377\000V\000e\000r\000s\000i\000\363\000\040\0001\0001\000.\0006}{appendix*.95}% 391
\BOOKMARK [1][-]{section*.149}{\376\377\000V\000e\000r\000s\000i\000\363\000\040\0001\0001\000.\0007}{appendix*.95}% 392
\BOOKMARK [1][-]{section*.150}{\376\377\000V\000e\000r\000s\000i\000\363\000\040\0001\0002\000.\0000}{appendix*.95}% 393
\BOOKMARK [1][-]{section*.151}{\376\377\000V\000e\000r\000s\000i\000\363\000\040\0001\0003\000.\0000}{appendix*.95}% 394
\BOOKMARK [1][-]{section*.152}{\376\377\000V\000e\000r\000s\000i\000\363\000\040\0001\0003\000.\0001}{appendix*.95}% 395
\BOOKMARK [1][-]{section*.153}{\376\377\000V\000e\000r\000s\000i\000\363\000\040\0001\0003\000.\0002}{appendix*.95}% 396
\BOOKMARK [1][-]{section*.154}{\376\377\000V\000e\000r\000s\000i\000\363\000\040\0001\0003\000.\0003}{appendix*.95}% 397
\BOOKMARK [1][-]{section*.155}{\376\377\000V\000e\000r\000s\000i\000\363\000\040\0001\0004\000.\0000}{appendix*.95}% 398
\BOOKMARK [1][-]{section*.156}{\376\377\000V\000e\000r\000s\000i\000\363\000\040\0001\0004\000.\0001}{appendix*.95}% 399
\BOOKMARK [1][-]{section*.157}{\376\377\000V\000e\000r\000s\000i\000\363\000\040\0001\0004\000.\0002}{appendix*.95}% 400
\BOOKMARK [1][-]{section*.158}{\376\377\000V\000e\000r\000s\000i\000\363\000\040\0001\0004\000.\0003}{appendix*.95}% 401
\BOOKMARK [1][-]{section*.159}{\376\377\000V\000e\000r\000s\000i\000\363\000\040\0001\0004\000.\0004}{appendix*.95}% 402
\BOOKMARK [1][-]{section*.160}{\376\377\000V\000e\000r\000s\000i\000\363\000\040\0001\0004\000.\0005}{appendix*.95}% 403
\BOOKMARK [1][-]{section*.161}{\376\377\000V\000e\000r\000s\000i\000\363\000\040\0001\0004\000.\0006}{appendix*.95}% 404
\BOOKMARK [1][-]{section*.162}{\376\377\000V\000e\000r\000s\000i\000\363\000\040\0001\0004\000.\0007}{appendix*.95}% 405
\BOOKMARK [1][-]{section*.163}{\376\377\000V\000e\000r\000s\000i\000\363\000\040\0001\0004\000.\0008}{appendix*.95}% 406
\BOOKMARK [1][-]{section*.164}{\376\377\000V\000e\000r\000s\000i\000\363\000\040\0001\0005\000.\0000}{appendix*.95}% 407
\BOOKMARK [1][-]{section*.165}{\376\377\000V\000e\000r\000s\000i\000\363\000\040\0001\0005\000.\0001}{appendix*.95}% 408
\BOOKMARK [0][-]{appendix*.166}{\376\377\000B\000i\000b\000l\000i\000o\000g\000r\000a\000f\000i\000a}{part.6}% 409
\BOOKMARK [0][-]{section*.167}{\376\377\000\315\000n\000d\000e\000x\000\040\000A\000l\000f\000a\000b\000\350\000t\000i\000c}{part.6}% 410
